Archive member included to satisfy reference by file (symbol)

c:/st/stm32cubeide_1.5.0/stm32cubeide/plugins/com.st.stm32cube.ide.mcu.externaltools.gnu-tools-for-stm32.7-2018-q2-update.win32_1.5.0.202011040924/tools/bin/../lib/gcc/arm-none-eabi/7.3.1/../../../../arm-none-eabi/lib/thumb/v7e-m/fpv5/hard\libc_nano.a(lib_a-errno.o)
                              Core/Src/syscalls.o (__errno)
c:/st/stm32cubeide_1.5.0/stm32cubeide/plugins/com.st.stm32cube.ide.mcu.externaltools.gnu-tools-for-stm32.7-2018-q2-update.win32_1.5.0.202011040924/tools/bin/../lib/gcc/arm-none-eabi/7.3.1/../../../../arm-none-eabi/lib/thumb/v7e-m/fpv5/hard\libc_nano.a(lib_a-exit.o)
                              c:/st/stm32cubeide_1.5.0/stm32cubeide/plugins/com.st.stm32cube.ide.mcu.externaltools.gnu-tools-for-stm32.7-2018-q2-update.win32_1.5.0.202011040924/tools/bin/../lib/gcc/arm-none-eabi/7.3.1/../../../../arm-none-eabi/lib/thumb/v7e-m/fpv5/hard/crt0.o (exit)
c:/st/stm32cubeide_1.5.0/stm32cubeide/plugins/com.st.stm32cube.ide.mcu.externaltools.gnu-tools-for-stm32.7-2018-q2-update.win32_1.5.0.202011040924/tools/bin/../lib/gcc/arm-none-eabi/7.3.1/../../../../arm-none-eabi/lib/thumb/v7e-m/fpv5/hard\libc_nano.a(lib_a-impure.o)
                              c:/st/stm32cubeide_1.5.0/stm32cubeide/plugins/com.st.stm32cube.ide.mcu.externaltools.gnu-tools-for-stm32.7-2018-q2-update.win32_1.5.0.202011040924/tools/bin/../lib/gcc/arm-none-eabi/7.3.1/../../../../arm-none-eabi/lib/thumb/v7e-m/fpv5/hard\libc_nano.a(lib_a-exit.o) (_global_impure_ptr)
c:/st/stm32cubeide_1.5.0/stm32cubeide/plugins/com.st.stm32cube.ide.mcu.externaltools.gnu-tools-for-stm32.7-2018-q2-update.win32_1.5.0.202011040924/tools/bin/../lib/gcc/arm-none-eabi/7.3.1/../../../../arm-none-eabi/lib/thumb/v7e-m/fpv5/hard\libc_nano.a(lib_a-init.o)
                              c:/st/stm32cubeide_1.5.0/stm32cubeide/plugins/com.st.stm32cube.ide.mcu.externaltools.gnu-tools-for-stm32.7-2018-q2-update.win32_1.5.0.202011040924/tools/bin/../lib/gcc/arm-none-eabi/7.3.1/../../../../arm-none-eabi/lib/thumb/v7e-m/fpv5/hard/crt0.o (__libc_init_array)
c:/st/stm32cubeide_1.5.0/stm32cubeide/plugins/com.st.stm32cube.ide.mcu.externaltools.gnu-tools-for-stm32.7-2018-q2-update.win32_1.5.0.202011040924/tools/bin/../lib/gcc/arm-none-eabi/7.3.1/../../../../arm-none-eabi/lib/thumb/v7e-m/fpv5/hard\libc_nano.a(lib_a-memset.o)
                              c:/st/stm32cubeide_1.5.0/stm32cubeide/plugins/com.st.stm32cube.ide.mcu.externaltools.gnu-tools-for-stm32.7-2018-q2-update.win32_1.5.0.202011040924/tools/bin/../lib/gcc/arm-none-eabi/7.3.1/../../../../arm-none-eabi/lib/thumb/v7e-m/fpv5/hard/crt0.o (memset)
c:/st/stm32cubeide_1.5.0/stm32cubeide/plugins/com.st.stm32cube.ide.mcu.externaltools.gnu-tools-for-stm32.7-2018-q2-update.win32_1.5.0.202011040924/tools/bin/../lib/gcc/arm-none-eabi/7.3.1/../../../../arm-none-eabi/lib/thumb/v7e-m/fpv5/hard\libc_nano.a(lib_a-nano-vfprintf_float.o)
                              (_printf_float)
c:/st/stm32cubeide_1.5.0/stm32cubeide/plugins/com.st.stm32cube.ide.mcu.externaltools.gnu-tools-for-stm32.7-2018-q2-update.win32_1.5.0.202011040924/tools/bin/../lib/gcc/arm-none-eabi/7.3.1/../../../../arm-none-eabi/lib/thumb/v7e-m/fpv5/hard\libc_nano.a(lib_a-nano-vfprintf_i.o)
                              c:/st/stm32cubeide_1.5.0/stm32cubeide/plugins/com.st.stm32cube.ide.mcu.externaltools.gnu-tools-for-stm32.7-2018-q2-update.win32_1.5.0.202011040924/tools/bin/../lib/gcc/arm-none-eabi/7.3.1/../../../../arm-none-eabi/lib/thumb/v7e-m/fpv5/hard\libc_nano.a(lib_a-nano-vfprintf_float.o) (_printf_common)
c:/st/stm32cubeide_1.5.0/stm32cubeide/plugins/com.st.stm32cube.ide.mcu.externaltools.gnu-tools-for-stm32.7-2018-q2-update.win32_1.5.0.202011040924/tools/bin/../lib/gcc/arm-none-eabi/7.3.1/../../../../arm-none-eabi/lib/thumb/v7e-m/fpv5/hard\libc_nano.a(lib_a-printf.o)
                              Core/Src/main.o (printf)
c:/st/stm32cubeide_1.5.0/stm32cubeide/plugins/com.st.stm32cube.ide.mcu.externaltools.gnu-tools-for-stm32.7-2018-q2-update.win32_1.5.0.202011040924/tools/bin/../lib/gcc/arm-none-eabi/7.3.1/../../../../arm-none-eabi/lib/thumb/v7e-m/fpv5/hard\libc_nano.a(lib_a-strlen.o)
                              c:/st/stm32cubeide_1.5.0/stm32cubeide/plugins/com.st.stm32cube.ide.mcu.externaltools.gnu-tools-for-stm32.7-2018-q2-update.win32_1.5.0.202011040924/tools/bin/../lib/gcc/arm-none-eabi/7.3.1/../../../../arm-none-eabi/lib/thumb/v7e-m/fpv5/hard\libc_nano.a(lib_a-nano-vfprintf_float.o) (strlen)
c:/st/stm32cubeide_1.5.0/stm32cubeide/plugins/com.st.stm32cube.ide.mcu.externaltools.gnu-tools-for-stm32.7-2018-q2-update.win32_1.5.0.202011040924/tools/bin/../lib/gcc/arm-none-eabi/7.3.1/../../../../arm-none-eabi/lib/thumb/v7e-m/fpv5/hard\libc_nano.a(lib_a-dtoa.o)
[...]
Memory Configuration

Name             Origin             Length             Attributes
RAM              0x0000000020000000 0x0000000000080000 xrw
FLASH            0x0000000008000000 0x0000000000200000 xr
*default*        0x0000000000000000 0xffffffffffffffff

Linker script and memory map

LOAD c:/st/stm32cubeide_1.5.0/stm32cubeide/plugins/com.st.stm32cube.ide.mcu.externaltools.gnu-tools-for-stm32.7-2018-q2-update.win32_1.5.0.202011040924/tools/bin/../lib/gcc/arm-none-eabi/7.3.1/thumb/v7e-m/fpv5/hard/crti.o
LOAD c:/st/stm32cubeide_1.5.0/stm32cubeide/plugins/com.st.stm32cube.ide.mcu.externaltools.gnu-tools-for-stm32.7-2018-q2-update.win32_1.5.0.202011040924/tools/bin/../lib/gcc/arm-none-eabi/7.3.1/thumb/v7e-m/fpv5/hard/crtbegin.o
LOAD c:/st/stm32cubeide_1.5.0/stm32cubeide/plugins/com.st.stm32cube.ide.mcu.externaltools.gnu-tools-for-stm32.7-2018-q2-update.win32_1.5.0.202011040924/tools/bin/../lib/gcc/arm-none-eabi/7.3.1/../../../../arm-none-eabi/lib/thumb/v7e-m/fpv5/hard/crt0.o
LOAD Core/Src/i2c.o
LOAD Core/Src/main.o
LOAD Core/Src/mpu6050.o
LOAD Core/Src/stm32f7xx_hal_msp.o
LOAD Core/Src/stm32f7xx_it.o
LOAD Core/Src/syscalls.o
LOAD Core/Src/sysmem.o
LOAD Core/Src/system_stm32f7xx.o
LOAD Core/Startup/startup_stm32f767zitx.o
LOAD Drivers/STM32F7xx_HAL_Driver/Src/stm32f7xx_hal.o
LOAD Drivers/STM32F7xx_HAL_Driver/Src/stm32f7xx_hal_cortex.o
LOAD Drivers/STM32F7xx_HAL_Driver/Src/stm32f7xx_hal_dma.o
LOAD Drivers/STM32F7xx_HAL_Driver/Src/stm32f7xx_hal_dma_ex.o
LOAD Drivers/STM32F7xx_HAL_Driver/Src/stm32f7xx_hal_eth.o
LOAD Drivers/STM32F7xx_HAL_Driver/Src/stm32f7xx_hal_exti.o
LOAD Drivers/STM32F7xx_HAL_Driver/Src/stm32f7xx_hal_flash.o
LOAD Drivers/STM32F7xx_HAL_Driver/Src/stm32f7xx_hal_flash_ex.o
LOAD Drivers/STM32F7xx_HAL_Driver/Src/stm32f7xx_hal_gpio.o
LOAD Drivers/STM32F7xx_HAL_Driver/Src/stm32f7xx_hal_i2c.o
LOAD Drivers/STM32F7xx_HAL_Driver/Src/stm32f7xx_hal_i2c_ex.o
LOAD Drivers/STM32F7xx_HAL_Driver/Src/stm32f7xx_hal_pcd.o
LOAD Drivers/STM32F7xx_HAL_Driver/Src/stm32f7xx_hal_pcd_ex.o
LOAD Drivers/STM32F7xx_HAL_Driver/Src/stm32f7xx_hal_pwr.o
LOAD Drivers/STM32F7xx_HAL_Driver/Src/stm32f7xx_hal_pwr_ex.o
LOAD Drivers/STM32F7xx_HAL_Driver/Src/stm32f7xx_hal_rcc.o
LOAD Drivers/STM32F7xx_HAL_Driver/Src/stm32f7xx_hal_rcc_ex.o
LOAD Drivers/STM32F7xx_HAL_Driver/Src/stm32f7xx_hal_tim.o
LOAD Drivers/STM32F7xx_HAL_Driver/Src/stm32f7xx_hal_tim_ex.o
LOAD Drivers/STM32F7xx_HAL_Driver/Src/stm32f7xx_hal_uart.o
LOAD Drivers/STM32F7xx_HAL_Driver/Src/stm32f7xx_hal_uart_ex.o
LOAD Drivers/STM32F7xx_HAL_Driver/Src/stm32f7xx_ll_usb.o
START GROUP
LOAD c:/st/stm32cubeide_1.5.0/stm32cubeide/plugins/com.st.stm32cube.ide.mcu.externaltools.gnu-tools-for-stm32.7-2018-q2-update.win32_1.5.0.202011040924/tools/bin/../lib/gcc/arm-none-eabi/7.3.1/../../../../arm-none-eabi/lib/thumb/v7e-m/fpv5/hard\libc_nano.a
LOAD c:/st/stm32cubeide_1.5.0/stm32cubeide/plugins/com.st.stm32cube.ide.mcu.externaltools.gnu-tools-for-stm32.7-2018-q2-update.win32_1.5.0.202011040924/tools/bin/../lib/gcc/arm-none-eabi/7.3.1/../../../../arm-none-eabi/lib/thumb/v7e-m/fpv5/hard\libm.a
END GROUP
START GROUP
LOAD c:/st/stm32cubeide_1.5.0/stm32cubeide/plugins/com.st.stm32cube.ide.mcu.externaltools.gnu-tools-for-stm32.7-2018-q2-update.win32_1.5.0.202011040924/tools/bin/../lib/gcc/arm-none-eabi/7.3.1/thumb/v7e-m/fpv5/hard\libgcc.a
LOAD c:/st/stm32cubeide_1.5.0/stm32cubeide/plugins/com.st.stm32cube.ide.mcu.externaltools.gnu-tools-for-stm32.7-2018-q2-update.win32_1.5.0.202011040924/tools/bin/../lib/gcc/arm-none-eabi/7.3.1/../../../../arm-none-eabi/lib/thumb/v7e-m/fpv5/hard\libc_nano.a
END GROUP
START GROUP
LOAD c:/st/stm32cubeide_1.5.0/stm32cubeide/plugins/com.st.stm32cube.ide.mcu.externaltools.gnu-tools-for-stm32.7-2018-q2-update.win32_1.5.0.202011040924/tools/bin/../lib/gcc/arm-none-eabi/7.3.1/thumb/v7e-m/fpv5/hard\libgcc.a
LOAD c:/st/stm32cubeide_1.5.0/stm32cubeide/plugins/com.st.stm32cube.ide.mcu.externaltools.gnu-tools-for-stm32.7-2018-q2-update.win32_1.5.0.202011040924/tools/bin/../lib/gcc/arm-none-eabi/7.3.1/../../../../arm-none-eabi/lib/thumb/v7e-m/fpv5/hard\libc_nano.a
LOAD c:/st/stm32cubeide_1.5.0/stm32cubeide/plugins/com.st.stm32cube.ide.mcu.externaltools.gnu-tools-for-stm32.7-2018-q2-update.win32_1.5.0.202011040924/tools/bin/../lib/gcc/arm-none-eabi/7.3.1/../../../../arm-none-eabi/lib/thumb/v7e-m/fpv5/hard\libnosys.a
END GROUP
START GROUP
LOAD c:/st/stm32cubeide_1.5.0/stm32cubeide/plugins/com.st.stm32cube.ide.mcu.externaltools.gnu-tools-for-stm32.7-2018-q2-update.win32_1.5.0.202011040924/tools/bin/../lib/gcc/arm-none-eabi/7.3.1/thumb/v7e-m/fpv5/hard\libgcc.a
LOAD c:/st/stm32cubeide_1.5.0/stm32cubeide/plugins/com.st.stm32cube.ide.mcu.externaltools.gnu-tools-for-stm32.7-2018-q2-update.win32_1.5.0.202011040924/tools/bin/../lib/gcc/arm-none-eabi/7.3.1/../../../../arm-none-eabi/lib/thumb/v7e-m/fpv5/hard\libc_nano.a
LOAD c:/st/stm32cubeide_1.5.0/stm32cubeide/plugins/com.st.stm32cube.ide.mcu.externaltools.gnu-tools-for-stm32.7-2018-q2-update.win32_1.5.0.202011040924/tools/bin/../lib/gcc/arm-none-eabi/7.3.1/../../../../arm-none-eabi/lib/thumb/v7e-m/fpv5/hard\libnosys.a
END GROUP
LOAD c:/st/stm32cubeide_1.5.0/stm32cubeide/plugins/com.st.stm32cube.ide.mcu.externaltools.gnu-tools-for-stm32.7-2018-q2-update.win32_1.5.0.202011040924/tools/bin/../lib/gcc/arm-none-eabi/7.3.1/thumb/v7e-m/fpv5/hard/crtend.o
LOAD c:/st/stm32cubeide_1.5.0/stm32cubeide/plugins/com.st.stm32cube.ide.mcu.externaltools.gnu-tools-for-stm32.7-2018-q2-update.win32_1.5.0.202011040924/tools/bin/../lib/gcc/arm-none-eabi/7.3.1/thumb/v7e-m/fpv5/hard/crtn.o
                0x0000000020080000                _estack = (ORIGIN (RAM) + LENGTH (RAM))
                0x0000000000000200                _Min_Heap_Size = 0x200
                0x0000000000000400                _Min_Stack_Size = 0x400

.isr_vector     0x0000000008000000      0x1f8
                0x0000000008000000                . = ALIGN (0x4)
 *(.isr_vector)
 .isr_vector    0x0000000008000000      0x1f8 Core/Startup/startup_stm32f767zitx.o
                0x0000000008000000                g_pfnVectors
                0x00000000080001f8                . = ALIGN (0x4)

.text           0x0000000008000200     0x7404
                0x0000000008000200                . = ALIGN (0x4)
 *(.text)
 .text          0x0000000008000200       0x40 c:/st/stm32cubeide_1.5.0/stm32cubeide/plugins/com.st.stm32cube.ide.mcu.externaltools.gnu-tools-for-stm32.7-2018-q2-update.win32_1.5.0.202011040924/tools/bin/../lib/gcc/arm-none-eabi/7.3.1/thumb/v7e-m/fpv5/hard/crtbegin.o
 .text          0x0000000008000240       0x10 c:/st/stm32cubeide_1.5.0/stm32cubeide/plugins/com.st.stm32cube.ide.mcu.externaltools.gnu-tools-for-stm32.7-2018-q2-update.win32_1.5.0.202011040924/tools/bin/../lib/gcc/arm-none-eabi/7.3.1/../../../../arm-none-eabi/lib/thumb/v7e-m/fpv5/hard\libc_nano.a(lib_a-strlen.o)
                0x0000000008000240                strlen
 .text          0x0000000008000250       0xa0 c:/st/stm32cubeide_1.5.0/stm32cubeide/plugins/com.st.stm32cube.ide.mcu.externaltools.gnu-tools-for-stm32.7-2018-q2-update.win32_1.5.0.202011040924/tools/bin/../lib/gcc/arm-none-eabi/7.3.1/../../../../arm-none-eabi/lib/thumb/v7e-m/fpv5/hard\libc_nano.a(lib_a-memchr.o)
                0x0000000008000250                memchr
 .text          0x00000000080002f0       0x30 c:/st/stm32cubeide_1.5.0/stm32cubeide/plugins/com.st.stm32cube.ide.mcu.externaltools.gnu-tools-for-stm32.7-2018-q2-update.win32_1.5.0.202011040924/tools/bin/../lib/gcc/arm-none-eabi/7.3.1/thumb/v7e-m/fpv5/hard\libgcc.a(_aeabi_uldivmod.o)
                0x00000000080002f0                __aeabi_uldivmod
 .text          0x0000000008000320      0x2cc c:/st/stm32cubeide_1.5.0/stm32cubeide/plugins/com.st.stm32cube.ide.mcu.externaltools.gnu-tools-for-stm32.7-2018-q2-update.win32_1.5.0.202011040924/tools/bin/../lib/gcc/arm-none-eabi/7.3.1/thumb/v7e-m/fpv5/hard\libgcc.a(_udivmoddi4.o)
                0x0000000008000320                __udivmoddi4
 .text          0x00000000080005ec        0x4 c:/st/stm32cubeide_1.5.0/stm32cubeide/plugins/com.st.stm32cube.ide.mcu.externaltools.gnu-tools-for-stm32.7-2018-q2-update.win32_1.5.0.202011040924/tools/bin/../lib/gcc/arm-none-eabi/7.3.1/thumb/v7e-m/fpv5/hard\libgcc.a(_dvmd_tls.o)
                0x00000000080005ec                __aeabi_idiv0
                0x00000000080005ec                __aeabi_ldiv0
 *(.text*)
 .text.MX_I2C1_Init
                0x00000000080005f0       0x84 Core/Src/i2c.o
                0x00000000080005f0                MX_I2C1_Init
 .text.HAL_I2C_MspInit
                0x0000000008000674       0x88 Core/Src/i2c.o
                0x0000000008000674                HAL_I2C_MspInit
 .text.__io_putchar
                0x00000000080006fc       0x24 Core/Src/main.o
                0x00000000080006fc                __io_putchar
 .text.main     0x0000000008000720       0x7c Core/Src/main.o
                0x0000000008000720                main
 .text.SystemClock_Config
                0x000000000800079c      0x130 Core/Src/main.o
                0x000000000800079c                SystemClock_Config
 .text.MX_ETH_Init
                0x00000000080008cc       0x90 Core/Src/main.o
 .text.MX_USART3_UART_Init
                0x000000000800095c       0x60 Core/Src/main.o
 .text.MX_USB_OTG_FS_PCD_Init
                0x00000000080009bc       0x5c Core/Src/main.o
 .text.MX_GPIO_Init
                0x0000000008000a18      0x180 Core/Src/main.o
 .text.Error_Handler
                0x0000000008000b98        0x8 Core/Src/main.o
                0x0000000008000b98                Error_Handler
 .text.MPU6050_Init
                0x0000000008000ba0       0xae Core/Src/mpu6050.o
                0x0000000008000ba0                MPU6050_Init
 *fill*         0x0000000008000c4e        0x2 
 .text.MPU6050_Read_Accel
                0x0000000008000c50       0xc8 Core/Src/mpu6050.o
                0x0000000008000c50                MPU6050_Read_Accel
 .text.HAL_MspInit
                0x0000000008000d18       0x48 Core/Src/stm32f7xx_hal_msp.o
                0x0000000008000d18                HAL_MspInit
 .text.HAL_ETH_MspInit
                0x0000000008000d60      0x170 Core/Src/stm32f7xx_hal_msp.o
                0x0000000008000d60                HAL_ETH_MspInit
 .text.HAL_UART_MspInit
                0x0000000008000ed0       0x88 Core/Src/stm32f7xx_hal_msp.o
                0x0000000008000ed0                HAL_UART_MspInit
 .text.HAL_PCD_MspInit
                0x0000000008000f58       0xb8 Core/Src/stm32f7xx_hal_msp.o
                0x0000000008000f58                HAL_PCD_MspInit
 .text.NMI_Handler
                0x0000000008001010        0x6 Core/Src/stm32f7xx_it.o
                0x0000000008001010                NMI_Handler
 .text.HardFault_Handler
                0x0000000008001016        0x6 Core/Src/stm32f7xx_it.o
                0x0000000008001016                HardFault_Handler
 .text.MemManage_Handler
                0x000000000800101c        0x6 Core/Src/stm32f7xx_it.o
                0x000000000800101c                MemManage_Handler
 .text.BusFault_Handler
                0x0000000008001022        0x6 Core/Src/stm32f7xx_it.o
                0x0000000008001022                BusFault_Handler
 .text.UsageFault_Handler
                0x0000000008001028        0x6 Core/Src/stm32f7xx_it.o
                0x0000000008001028                UsageFault_Handler
 .text.SVC_Handler
                0x000000000800102e        0xe Core/Src/stm32f7xx_it.o
                0x000000000800102e                SVC_Handler
 .text.DebugMon_Handler
                0x000000000800103c        0xe Core/Src/stm32f7xx_it.o
                0x000000000800103c                DebugMon_Handler
 .text.PendSV_Handler
                0x000000000800104a        0xe Core/Src/stm32f7xx_it.o
                0x000000000800104a                PendSV_Handler
 .text.SysTick_Handler
                0x0000000008001058        0xc Core/Src/stm32f7xx_it.o
                0x0000000008001058                SysTick_Handler
 .text._read    0x0000000008001064       0x3a Core/Src/syscalls.o
                0x0000000008001064                _read
 .text._write   0x000000000800109e       0x38 Core/Src/syscalls.o
                0x000000000800109e                _write
 .text._close   0x00000000080010d6       0x18 Core/Src/syscalls.o
                0x00000000080010d6                _close
 .text._fstat   0x00000000080010ee       0x20 Core/Src/syscalls.o
                0x00000000080010ee                _fstat
 .text._isatty  0x000000000800110e       0x16 Core/Src/syscalls.o
                0x000000000800110e                _isatty
 .text._lseek   0x0000000008001124       0x1a Core/Src/syscalls.o
                0x0000000008001124                _lseek
 *fill*         0x000000000800113e        0x2 
 .text._sbrk    0x0000000008001140       0x6c Core/Src/sysmem.o
                0x0000000008001140                _sbrk
 .text.SystemInit
                0x00000000080011ac       0x2c Core/Src/system_stm32f7xx.o
                0x00000000080011ac                SystemInit
 .text.Reset_Handler
                0x00000000080011d8       0x50 Core/Startup/startup_stm32f767zitx.o
                0x00000000080011d8                Reset_Handler
 .text.Default_Handler
                0x0000000008001228        0x2 Core/Startup/startup_stm32f767zitx.o
                0x0000000008001228                RTC_Alarm_IRQHandler
                0x0000000008001228                EXTI2_IRQHandler
                0x0000000008001228                TIM8_CC_IRQHandler
                0x0000000008001228                UART8_IRQHandler
                0x0000000008001228                SPI4_IRQHandler
                0x0000000008001228                TIM1_CC_IRQHandler
                0x0000000008001228                DMA2_Stream5_IRQHandler
                0x0000000008001228                JPEG_IRQHandler
                0x0000000008001228                DMA1_Stream5_IRQHandler
                0x0000000008001228                CAN3_RX1_IRQHandler
                0x0000000008001228                PVD_IRQHandler
                0x0000000008001228                TAMP_STAMP_IRQHandler
                0x0000000008001228                CAN2_RX1_IRQHandler
                0x0000000008001228                EXTI3_IRQHandler
                0x0000000008001228                TIM8_TRG_COM_TIM14_IRQHandler
                0x0000000008001228                DFSDM1_FLT1_IRQHandler
                0x0000000008001228                TIM1_UP_TIM10_IRQHandler
                0x0000000008001228                TIM8_UP_TIM13_IRQHandler
                0x0000000008001228                I2C3_ER_IRQHandler
                0x0000000008001228                DFSDM1_FLT2_IRQHandler
                0x0000000008001228                EXTI0_IRQHandler
                0x0000000008001228                I2C2_EV_IRQHandler
                0x0000000008001228                DMA1_Stream2_IRQHandler
                0x0000000008001228                CAN1_RX0_IRQHandler
                0x0000000008001228                FPU_IRQHandler
                0x0000000008001228                OTG_HS_WKUP_IRQHandler
                0x0000000008001228                CAN3_SCE_IRQHandler
                0x0000000008001228                LTDC_ER_IRQHandler
                0x0000000008001228                CAN2_SCE_IRQHandler
                0x0000000008001228                DMA2_Stream2_IRQHandler
                0x0000000008001228                SPI1_IRQHandler
                0x0000000008001228                TIM6_DAC_IRQHandler
                0x0000000008001228                TIM1_BRK_TIM9_IRQHandler
                0x0000000008001228                DCMI_IRQHandler
                0x0000000008001228                CAN2_RX0_IRQHandler
                0x0000000008001228                DMA2_Stream3_IRQHandler
                0x0000000008001228                SAI2_IRQHandler
                0x0000000008001228                DFSDM1_FLT3_IRQHandler
                0x0000000008001228                USART6_IRQHandler
                0x0000000008001228                CAN3_RX0_IRQHandler
                0x0000000008001228                USART3_IRQHandler
                0x0000000008001228                CAN1_RX1_IRQHandler
                0x0000000008001228                UART5_IRQHandler
                0x0000000008001228                DMA2_Stream0_IRQHandler
                0x0000000008001228                TIM4_IRQHandler
                0x0000000008001228                QUADSPI_IRQHandler
                0x0000000008001228                I2C1_EV_IRQHandler
                0x0000000008001228                DMA1_Stream6_IRQHandler
                0x0000000008001228                DMA1_Stream1_IRQHandler
                0x0000000008001228                UART4_IRQHandler
                0x0000000008001228                TIM3_IRQHandler
                0x0000000008001228                RCC_IRQHandler
                0x0000000008001228                TIM8_BRK_TIM12_IRQHandler
                0x0000000008001228                Default_Handler
                0x0000000008001228                CEC_IRQHandler
                0x0000000008001228                EXTI15_10_IRQHandler
                0x0000000008001228                ADC_IRQHandler
                0x0000000008001228                DMA1_Stream7_IRQHandler
                0x0000000008001228                SPI5_IRQHandler
                0x0000000008001228                TIM7_IRQHandler
                0x0000000008001228                SDMMC1_IRQHandler
                0x0000000008001228                CAN2_TX_IRQHandler
                0x0000000008001228                TIM5_IRQHandler
                0x0000000008001228                DMA2_Stream7_IRQHandler
                0x0000000008001228                I2C3_EV_IRQHandler
                0x0000000008001228                EXTI9_5_IRQHandler
                0x0000000008001228                RTC_WKUP_IRQHandler
                0x0000000008001228                LTDC_IRQHandler
                0x0000000008001228                ETH_WKUP_IRQHandler
                0x0000000008001228                SPDIF_RX_IRQHandler
                0x0000000008001228                SPI2_IRQHandler
                0x0000000008001228                OTG_HS_EP1_IN_IRQHandler
                0x0000000008001228                DMA1_Stream0_IRQHandler
                0x0000000008001228                CAN1_TX_IRQHandler
                0x0000000008001228                EXTI4_IRQHandler
                0x0000000008001228                RNG_IRQHandler
                0x0000000008001228                ETH_IRQHandler
                0x0000000008001228                OTG_HS_EP1_OUT_IRQHandler
                0x0000000008001228                WWDG_IRQHandler
                0x0000000008001228                SPI6_IRQHandler
                0x0000000008001228                MDIOS_IRQHandler
                0x0000000008001228                I2C4_EV_IRQHandler
                0x0000000008001228                CAN3_TX_IRQHandler
                0x0000000008001228                TIM2_IRQHandler
                0x0000000008001228                OTG_FS_WKUP_IRQHandler
                0x0000000008001228                TIM1_TRG_COM_TIM11_IRQHandler
                0x0000000008001228                OTG_HS_IRQHandler
                0x0000000008001228                DMA2D_IRQHandler
                0x0000000008001228                EXTI1_IRQHandler
                0x0000000008001228                SDMMC2_IRQHandler
                0x0000000008001228                UART7_IRQHandler
                0x0000000008001228                USART2_IRQHandler
                0x0000000008001228                DFSDM1_FLT0_IRQHandler
                0x0000000008001228                I2C2_ER_IRQHandler
                0x0000000008001228                DMA2_Stream1_IRQHandler
                0x0000000008001228                CAN1_SCE_IRQHandler
                0x0000000008001228                FLASH_IRQHandler
                0x0000000008001228                DMA2_Stream4_IRQHandler
                0x0000000008001228                USART1_IRQHandler
                0x0000000008001228                OTG_FS_IRQHandler
                0x0000000008001228                SPI3_IRQHandler
                0x0000000008001228                DMA1_Stream4_IRQHandler
                0x0000000008001228                I2C1_ER_IRQHandler
                0x0000000008001228                FMC_IRQHandler
                0x0000000008001228                LPTIM1_IRQHandler
                0x0000000008001228                I2C4_ER_IRQHandler
                0x0000000008001228                DMA2_Stream6_IRQHandler
                0x0000000008001228                SAI1_IRQHandler
                0x0000000008001228                DMA1_Stream3_IRQHandler
 .text.HAL_Init
                0x000000000800122a       0x1a Drivers/STM32F7xx_HAL_Driver/Src/stm32f7xx_hal.o
                0x000000000800122a                HAL_Init
 .text.HAL_InitTick
                0x0000000008001244       0x60 Drivers/STM32F7xx_HAL_Driver/Src/stm32f7xx_hal.o
                0x0000000008001244                HAL_InitTick
 .text.HAL_IncTick
                0x00000000080012a4       0x28 Drivers/STM32F7xx_HAL_Driver/Src/stm32f7xx_hal.o
                0x00000000080012a4                HAL_IncTick
 .text.HAL_GetTick
                0x00000000080012cc       0x18 Drivers/STM32F7xx_HAL_Driver/Src/stm32f7xx_hal.o
                0x00000000080012cc                HAL_GetTick
 .text.HAL_Delay
                0x00000000080012e4       0x44 Drivers/STM32F7xx_HAL_Driver/Src/stm32f7xx_hal.o
                0x00000000080012e4                HAL_Delay
 .text.__NVIC_SetPriorityGrouping
                0x0000000008001328       0x48 Drivers/STM32F7xx_HAL_Driver/Src/stm32f7xx_hal_cortex.o
 .text.__NVIC_GetPriorityGrouping
                0x0000000008001370       0x1c Drivers/STM32F7xx_HAL_Driver/Src/stm32f7xx_hal_cortex.o
 .text.__NVIC_SetPriority
                0x000000000800138c       0x54 Drivers/STM32F7xx_HAL_Driver/Src/stm32f7xx_hal_cortex.o
 .text.NVIC_EncodePriority
                0x00000000080013e0       0x66 Drivers/STM32F7xx_HAL_Driver/Src/stm32f7xx_hal_cortex.o
 *fill*         0x0000000008001446        0x2 
 .text.SysTick_Config
                0x0000000008001448       0x44 Drivers/STM32F7xx_HAL_Driver/Src/stm32f7xx_hal_cortex.o
 .text.HAL_NVIC_SetPriorityGrouping
                0x000000000800148c       0x16 Drivers/STM32F7xx_HAL_Driver/Src/stm32f7xx_hal_cortex.o
                0x000000000800148c                HAL_NVIC_SetPriorityGrouping
 .text.HAL_NVIC_SetPriority
                0x00000000080014a2       0x38 Drivers/STM32F7xx_HAL_Driver/Src/stm32f7xx_hal_cortex.o
                0x00000000080014a2                HAL_NVIC_SetPriority
 .text.HAL_SYSTICK_Config
                0x00000000080014da       0x18 Drivers/STM32F7xx_HAL_Driver/Src/stm32f7xx_hal_cortex.o
                0x00000000080014da                HAL_SYSTICK_Config
 *fill*         0x00000000080014f2        0x2 
 .text.HAL_ETH_Init
                0x00000000080014f4      0x338 Drivers/STM32F7xx_HAL_Driver/Src/stm32f7xx_hal_eth.o
                0x00000000080014f4                HAL_ETH_Init
 .text.HAL_ETH_ReadPHYRegister
                0x000000000800182c       0xd0 Drivers/STM32F7xx_HAL_Driver/Src/stm32f7xx_hal_eth.o
                0x000000000800182c                HAL_ETH_ReadPHYRegister
 .text.HAL_ETH_WritePHYRegister
                0x00000000080018fc       0xcc Drivers/STM32F7xx_HAL_Driver/Src/stm32f7xx_hal_eth.o
                0x00000000080018fc                HAL_ETH_WritePHYRegister
 .text.ETH_MACDMAConfig
                0x00000000080019c8      0x394 Drivers/STM32F7xx_HAL_Driver/Src/stm32f7xx_hal_eth.o
 .text.ETH_MACAddressConfig
                0x0000000008001d5c       0x70 Drivers/STM32F7xx_HAL_Driver/Src/stm32f7xx_hal_eth.o
 .text.HAL_GPIO_Init
                0x0000000008001dcc      0x354 Drivers/STM32F7xx_HAL_Driver/Src/stm32f7xx_hal_gpio.o
                0x0000000008001dcc                HAL_GPIO_Init
 .text.HAL_GPIO_WritePin
                0x0000000008002120       0x32 Drivers/STM32F7xx_HAL_Driver/Src/stm32f7xx_hal_gpio.o
                0x0000000008002120                HAL_GPIO_WritePin
 *fill*         0x0000000008002152        0x2 
 .text.HAL_I2C_Init
                0x0000000008002154      0x120 Drivers/STM32F7xx_HAL_Driver/Src/stm32f7xx_hal_i2c.o
                0x0000000008002154                HAL_I2C_Init
 .text.HAL_I2C_Mem_Write
                0x0000000008002274      0x228 Drivers/STM32F7xx_HAL_Driver/Src/stm32f7xx_hal_i2c.o
                0x0000000008002274                HAL_I2C_Mem_Write
 .text.HAL_I2C_Mem_Read
                0x000000000800249c      0x234 Drivers/STM32F7xx_HAL_Driver/Src/stm32f7xx_hal_i2c.o
                0x000000000800249c                HAL_I2C_Mem_Read
 .text.I2C_RequestMemoryWrite
                0x00000000080026d0       0xa8 Drivers/STM32F7xx_HAL_Driver/Src/stm32f7xx_hal_i2c.o
 .text.I2C_RequestMemoryRead
                0x0000000008002778       0xa8 Drivers/STM32F7xx_HAL_Driver/Src/stm32f7xx_hal_i2c.o
 .text.I2C_Flush_TXDR
                0x0000000008002820       0x48 Drivers/STM32F7xx_HAL_Driver/Src/stm32f7xx_hal_i2c.o
 .text.I2C_WaitOnFlagUntilTimeout
                0x0000000008002868       0x80 Drivers/STM32F7xx_HAL_Driver/Src/stm32f7xx_hal_i2c.o
 .text.I2C_WaitOnTXISFlagUntilTimeout
                0x00000000080028e8       0x80 Drivers/STM32F7xx_HAL_Driver/Src/stm32f7xx_hal_i2c.o
 .text.I2C_WaitOnSTOPFlagUntilTimeout
                0x0000000008002968       0x78 Drivers/STM32F7xx_HAL_Driver/Src/stm32f7xx_hal_i2c.o
 .text.I2C_IsAcknowledgeFailed
                0x00000000080029e0       0xcc Drivers/STM32F7xx_HAL_Driver/Src/stm32f7xx_hal_i2c.o
 .text.I2C_TransferConfig
                0x0000000008002aac       0x5c Drivers/STM32F7xx_HAL_Driver/Src/stm32f7xx_hal_i2c.o
 .text.HAL_I2CEx_ConfigAnalogFilter
                0x0000000008002b08       0x96 Drivers/STM32F7xx_HAL_Driver/Src/stm32f7xx_hal_i2c_ex.o
                0x0000000008002b08                HAL_I2CEx_ConfigAnalogFilter
 .text.HAL_I2CEx_ConfigDigitalFilter
                0x0000000008002b9e       0x98 Drivers/STM32F7xx_HAL_Driver/Src/stm32f7xx_hal_i2c_ex.o
                0x0000000008002b9e                HAL_I2CEx_ConfigDigitalFilter
 .text.HAL_PCD_Init
                0x0000000008002c36      0x248 Drivers/STM32F7xx_HAL_Driver/Src/stm32f7xx_hal_pcd.o
                0x0000000008002c36                HAL_PCD_Init
 *fill*         0x0000000008002e7e        0x2 
 .text.HAL_PCDEx_ActivateLPM
                0x0000000008002e80       0x48 Drivers/STM32F7xx_HAL_Driver/Src/stm32f7xx_hal_pcd_ex.o
                0x0000000008002e80                HAL_PCDEx_ActivateLPM
 .text.HAL_PWR_EnableBkUpAccess
                0x0000000008002ec8       0x20 Drivers/STM32F7xx_HAL_Driver/Src/stm32f7xx_hal_pwr.o
                0x0000000008002ec8                HAL_PWR_EnableBkUpAccess
 .text.HAL_PWREx_EnableOverDrive
                0x0000000008002ee8       0xa0 Drivers/STM32F7xx_HAL_Driver/Src/stm32f7xx_hal_pwr_ex.o
                0x0000000008002ee8                HAL_PWREx_EnableOverDrive
 .text.HAL_RCC_OscConfig
                0x0000000008002f88      0x55c Drivers/STM32F7xx_HAL_Driver/Src/stm32f7xx_hal_rcc.o
                0x0000000008002f88                HAL_RCC_OscConfig
 .text.HAL_RCC_ClockConfig
                0x00000000080034e4      0x1d8 Drivers/STM32F7xx_HAL_Driver/Src/stm32f7xx_hal_rcc.o
                0x00000000080034e4                HAL_RCC_ClockConfig
 .text.HAL_RCC_GetSysClockFreq
                0x00000000080036bc      0x1b0 Drivers/STM32F7xx_HAL_Driver/Src/stm32f7xx_hal_rcc.o
                0x00000000080036bc                HAL_RCC_GetSysClockFreq
 .text.HAL_RCC_GetHCLKFreq
                0x000000000800386c       0x18 Drivers/STM32F7xx_HAL_Driver/Src/stm32f7xx_hal_rcc.o
                0x000000000800386c                HAL_RCC_GetHCLKFreq
 .text.HAL_RCC_GetPCLK1Freq
                0x0000000008003884       0x28 Drivers/STM32F7xx_HAL_Driver/Src/stm32f7xx_hal_rcc.o
                0x0000000008003884                HAL_RCC_GetPCLK1Freq
 .text.HAL_RCC_GetPCLK2Freq
                0x00000000080038ac       0x28 Drivers/STM32F7xx_HAL_Driver/Src/stm32f7xx_hal_rcc.o
                0x00000000080038ac                HAL_RCC_GetPCLK2Freq
 .text.HAL_RCCEx_PeriphCLKConfig
                0x00000000080038d4      0x84c Drivers/STM32F7xx_HAL_Driver/Src/stm32f7xx_hal_rcc_ex.o
                0x00000000080038d4                HAL_RCCEx_PeriphCLKConfig
 .text.HAL_UART_Init
                0x0000000008004120       0x9c Drivers/STM32F7xx_HAL_Driver/Src/stm32f7xx_hal_uart.o
                0x0000000008004120                HAL_UART_Init
 .text.HAL_UART_Transmit
                0x00000000080041bc      0x122 Drivers/STM32F7xx_HAL_Driver/Src/stm32f7xx_hal_uart.o
                0x00000000080041bc                HAL_UART_Transmit
 *fill*         0x00000000080042de        0x2 
 .text.UART_SetConfig
                0x00000000080042e0      0x554 Drivers/STM32F7xx_HAL_Driver/Src/stm32f7xx_hal_uart.o
                0x00000000080042e0                UART_SetConfig
 .text.UART_AdvFeatureConfig
                0x0000000008004834      0x144 Drivers/STM32F7xx_HAL_Driver/Src/stm32f7xx_hal_uart.o
                0x0000000008004834                UART_AdvFeatureConfig
 .text.UART_CheckIdleState
                0x0000000008004978       0x8a Drivers/STM32F7xx_HAL_Driver/Src/stm32f7xx_hal_uart.o
                0x0000000008004978                UART_CheckIdleState
 .text.UART_WaitOnFlagUntilTimeout
                0x0000000008004a02       0xf6 Drivers/STM32F7xx_HAL_Driver/Src/stm32f7xx_hal_uart.o
                0x0000000008004a02                UART_WaitOnFlagUntilTimeout
 .text.USB_CoreInit
                0x0000000008004af8       0xb0 Drivers/STM32F7xx_HAL_Driver/Src/stm32f7xx_ll_usb.o
                0x0000000008004af8                USB_CoreInit
 .text.USB_DisableGlobalInt
                0x0000000008004ba8       0x22 Drivers/STM32F7xx_HAL_Driver/Src/stm32f7xx_ll_usb.o
                0x0000000008004ba8                USB_DisableGlobalInt
 .text.USB_SetCurrentMode
                0x0000000008004bca       0x54 Drivers/STM32F7xx_HAL_Driver/Src/stm32f7xx_ll_usb.o
                0x0000000008004bca                USB_SetCurrentMode
 *fill*         0x0000000008004c1e        0x2 
 .text.USB_DevInit
                0x0000000008004c20      0x2dc Drivers/STM32F7xx_HAL_Driver/Src/stm32f7xx_ll_usb.o
                0x0000000008004c20                USB_DevInit
 .text.USB_FlushTxFifo
                0x0000000008004efc       0x4c Drivers/STM32F7xx_HAL_Driver/Src/stm32f7xx_ll_usb.o
                0x0000000008004efc                USB_FlushTxFifo
 .text.USB_FlushRxFifo
                0x0000000008004f48       0x44 Drivers/STM32F7xx_HAL_Driver/Src/stm32f7xx_ll_usb.o
                0x0000000008004f48                USB_FlushRxFifo
 .text.USB_SetDevSpeed
                0x0000000008004f8c       0x32 Drivers/STM32F7xx_HAL_Driver/Src/stm32f7xx_ll_usb.o
                0x0000000008004f8c                USB_SetDevSpeed
 .text.USB_DevDisconnect
                0x0000000008004fbe       0x30 Drivers/STM32F7xx_HAL_Driver/Src/stm32f7xx_ll_usb.o
                0x0000000008004fbe                USB_DevDisconnect
 *fill*         0x0000000008004fee        0x2 
 .text.USB_CoreReset
                0x0000000008004ff0       0x68 Drivers/STM32F7xx_HAL_Driver/Src/stm32f7xx_ll_usb.o
 .text.__errno  0x0000000008005058        0xc c:/st/stm32cubeide_1.5.0/stm32cubeide/plugins/com.st.stm32cube.ide.mcu.externaltools.gnu-tools-for-stm32.7-2018-q2-update.win32_1.5.0.202011040924/tools/bin/../lib/gcc/arm-none-eabi/7.3.1/../../../../arm-none-eabi/lib/thumb/v7e-m/fpv5/hard\libc_nano.a(lib_a-errno.o)
                0x0000000008005058                __errno
 .text.__libc_init_array
                0x0000000008005064       0x48 c:/st/stm32cubeide_1.5.0/stm32cubeide/plugins/com.st.stm32cube.ide.mcu.externaltools.gnu-tools-for-stm32.7-2018-q2-update.win32_1.5.0.202011040924/tools/bin/../lib/gcc/arm-none-eabi/7.3.1/../../../../arm-none-eabi/lib/thumb/v7e-m/fpv5/hard\libc_nano.a(lib_a-init.o)
                0x0000000008005064                __libc_init_array
 .text.memset   0x00000000080050ac       0x10 c:/st/stm32cubeide_1.5.0/stm32cubeide/plugins/com.st.stm32cube.ide.mcu.externaltools.gnu-tools-for-stm32.7-2018-q2-update.win32_1.5.0.202011040924/tools/bin/../lib/gcc/arm-none-eabi/7.3.1/../../../../arm-none-eabi/lib/thumb/v7e-m/fpv5/hard\libc_nano.a(lib_a-memset.o)
                0x00000000080050ac                memset
 .text.__cvt    0x00000000080050bc       0xa4 c:/st/stm32cubeide_1.5.0/stm32cubeide/plugins/com.st.stm32cube.ide.mcu.externaltools.gnu-tools-for-stm32.7-2018-q2-update.win32_1.5.0.202011040924/tools/bin/../lib/gcc/arm-none-eabi/7.3.1/../../../../arm-none-eabi/lib/thumb/v7e-m/fpv5/hard\libc_nano.a(lib_a-nano-vfprintf_float.o)
                0x00000000080050bc                __cvt
 .text.__exponent
                0x0000000008005160       0x66 c:/st/stm32cubeide_1.5.0/stm32cubeide/plugins/com.st.stm32cube.ide.mcu.externaltools.gnu-tools-for-stm32.7-2018-q2-update.win32_1.5.0.202011040924/tools/bin/../lib/gcc/arm-none-eabi/7.3.1/../../../../arm-none-eabi/lib/thumb/v7e-m/fpv5/hard\libc_nano.a(lib_a-nano-vfprintf_float.o)
                0x0000000008005160                __exponent
 *fill*         0x00000000080051c6        0x2 
 .text._printf_float
                0x00000000080051c8      0x458 c:/st/stm32cubeide_1.5.0/stm32cubeide/plugins/com.st.stm32cube.ide.mcu.externaltools.gnu-tools-for-stm32.7-2018-q2-update.win32_1.5.0.202011040924/tools/bin/../lib/gcc/arm-none-eabi/7.3.1/../../../../arm-none-eabi/lib/thumb/v7e-m/fpv5/hard\libc_nano.a(lib_a-nano-vfprintf_float.o)
                0x00000000080051c8                _printf_float
 .text._printf_common
                0x0000000008005620       0xea c:/st/stm32cubeide_1.5.0/stm32cubeide/plugins/com.st.stm32cube.ide.mcu.externaltools.gnu-tools-for-stm32.7-2018-q2-update.win32_1.5.0.202011040924/tools/bin/../lib/gcc/arm-none-eabi/7.3.1/../../../../arm-none-eabi/lib/thumb/v7e-m/fpv5/hard\libc_nano.a(lib_a-nano-vfprintf_i.o)
                0x0000000008005620                _printf_common
 *fill*         0x000000000800570a        0x2 
 .text._printf_i
                0x000000000800570c      0x224 c:/st/stm32cubeide_1.5.0/stm32cubeide/plugins/com.st.stm32cube.ide.mcu.externaltools.gnu-tools-for-stm32.7-2018-q2-update.win32_1.5.0.202011040924/tools/bin/../lib/gcc/arm-none-eabi/7.3.1/../../../../arm-none-eabi/lib/thumb/v7e-m/fpv5/hard\libc_nano.a(lib_a-nano-vfprintf_i.o)
                0x000000000800570c                _printf_i
 .text.printf   0x0000000008005930       0x30 c:/st/stm32cubeide_1.5.0/stm32cubeide/plugins/com.st.stm32cube.ide.mcu.externaltools.gnu-tools-for-stm32.7-2018-q2-update.win32_1.5.0.202011040924/tools/bin/../lib/gcc/arm-none-eabi/7.3.1/../../../../arm-none-eabi/lib/thumb/v7e-m/fpv5/hard\libc_nano.a(lib_a-printf.o)
                0x0000000008005930                iprintf
                0x0000000008005930                printf
 .text.quorem   0x0000000008005960      0x118 c:/st/stm32cubeide_1.5.0/stm32cubeide/plugins/com.st.stm32cube.ide.mcu.externaltools.gnu-tools-for-stm32.7-2018-q2-update.win32_1.5.0.202011040924/tools/bin/../lib/gcc/arm-none-eabi/7.3.1/../../../../arm-none-eabi/lib/thumb/v7e-m/fpv5/hard\libc_nano.a(lib_a-dtoa.o)
 .text._dtoa_r  0x0000000008005a78      0xa98 c:/st/stm32cubeide_1.5.0/stm32cubeide/plugins/com.st.stm32cube.ide.mcu.externaltools.gnu-tools-for-stm32.7-2018-q2-update.win32_1.5.0.202011040924/tools/bin/../lib/gcc/arm-none-eabi/7.3.1/../../../../arm-none-eabi/lib/thumb/v7e-m/fpv5/hard\libc_nano.a(lib_a-dtoa.o)
                0x0000000008005a78                _dtoa_r
 .text.std      0x0000000008006510       0x48 c:/st/stm32cubeide_1.5.0/stm32cubeide/plugins/com.st.stm32cube.ide.mcu.externaltools.gnu-tools-for-stm32.7-2018-q2-update.win32_1.5.0.202011040924/tools/bin/../lib/gcc/arm-none-eabi/7.3.1/../../../../arm-none-eabi/lib/thumb/v7e-m/fpv5/hard\libc_nano.a(lib_a-findfp.o)
 .text._cleanup_r
                0x0000000008006558        0xc c:/st/stm32cubeide_1.5.0/stm32cubeide/plugins/com.st.stm32cube.ide.mcu.externaltools.gnu-tools-for-stm32.7-2018-q2-update.win32_1.5.0.202011040924/tools/bin/../lib/gcc/arm-none-eabi/7.3.1/../../../../arm-none-eabi/lib/thumb/v7e-m/fpv5/hard\libc_nano.a(lib_a-findfp.o)
                0x0000000008006558                _cleanup_r
 .text.__sfmoreglue
                0x0000000008006564       0x2c c:/st/stm32cubeide_1.5.0/stm32cubeide/plugins/com.st.stm32cube.ide.mcu.externaltools.gnu-tools-for-stm32.7-2018-q2-update.win32_1.5.0.202011040924/tools/bin/../lib/gcc/arm-none-eabi/7.3.1/../../../../arm-none-eabi/lib/thumb/v7e-m/fpv5/hard\libc_nano.a(lib_a-findfp.o)
                0x0000000008006564                __sfmoreglue
 .text.__sinit  0x0000000008006590       0x60 c:/st/stm32cubeide_1.5.0/stm32cubeide/plugins/com.st.stm32cube.ide.mcu.externaltools.gnu-tools-for-stm32.7-2018-q2-update.win32_1.5.0.202011040924/tools/bin/../lib/gcc/arm-none-eabi/7.3.1/../../../../arm-none-eabi/lib/thumb/v7e-m/fpv5/hard\libc_nano.a(lib_a-findfp.o)
                0x0000000008006590                __sinit
 .text.__sfp    0x00000000080065f0       0x78 c:/st/stm32cubeide_1.5.0/stm32cubeide/plugins/com.st.stm32cube.ide.mcu.externaltools.gnu-tools-for-stm32.7-2018-q2-update.win32_1.5.0.202011040924/tools/bin/../lib/gcc/arm-none-eabi/7.3.1/../../../../arm-none-eabi/lib/thumb/v7e-m/fpv5/hard\libc_nano.a(lib_a-findfp.o)
                0x00000000080065f0                __sfp
 .text._fwalk_reent
                0x0000000008006668       0x3c c:/st/stm32cubeide_1.5.0/stm32cubeide/plugins/com.st.stm32cube.ide.mcu.externaltools.gnu-tools-for-stm32.7-2018-q2-update.win32_1.5.0.202011040924/tools/bin/../lib/gcc/arm-none-eabi/7.3.1/../../../../arm-none-eabi/lib/thumb/v7e-m/fpv5/hard\libc_nano.a(lib_a-fwalk.o)
                0x0000000008006668                _fwalk_reent
 .text._localeconv_r
                0x00000000080066a4       0x1c c:/st/stm32cubeide_1.5.0/stm32cubeide/plugins/com.st.stm32cube.ide.mcu.externaltools.gnu-tools-for-stm32.7-2018-q2-update.win32_1.5.0.202011040924/tools/bin/../lib/gcc/arm-none-eabi/7.3.1/../../../../arm-none-eabi/lib/thumb/v7e-m/fpv5/hard\libc_nano.a(lib_a-localeconv.o)
                0x00000000080066a4                _localeconv_r
 .text.malloc   0x00000000080066c0       0x10 c:/st/stm32cubeide_1.5.0/stm32cubeide/plugins/com.st.stm32cube.ide.mcu.externaltools.gnu-tools-for-stm32.7-2018-q2-update.win32_1.5.0.202011040924/tools/bin/../lib/gcc/arm-none-eabi/7.3.1/../../../../arm-none-eabi/lib/thumb/v7e-m/fpv5/hard\libc_nano.a(lib_a-malloc.o)
                0x00000000080066c0                malloc
 .text.memcpy   0x00000000080066d0       0x16 c:/st/stm32cubeide_1.5.0/stm32cubeide/plugins/com.st.stm32cube.ide.mcu.externaltools.gnu-tools-for-stm32.7-2018-q2-update.win32_1.5.0.202011040924/tools/bin/../lib/gcc/arm-none-eabi/7.3.1/../../../../arm-none-eabi/lib/thumb/v7e-m/fpv5/hard\libc_nano.a(lib_a-memcpy-stub.o)
                0x00000000080066d0                memcpy
 .text._Balloc  0x00000000080066e6       0x68 c:/st/stm32cubeide_1.5.0/stm32cubeide/plugins/com.st.stm32cube.ide.mcu.externaltools.gnu-tools-for-stm32.7-2018-q2-update.win32_1.5.0.202011040924/tools/bin/../lib/gcc/arm-none-eabi/7.3.1/../../../../arm-none-eabi/lib/thumb/v7e-m/fpv5/hard\libc_nano.a(lib_a-mprec.o)
                0x00000000080066e6                _Balloc
 .text._Bfree   0x000000000800674e       0x2e c:/st/stm32cubeide_1.5.0/stm32cubeide/plugins/com.st.stm32cube.ide.mcu.externaltools.gnu-tools-for-stm32.7-2018-q2-update.win32_1.5.0.202011040924/tools/bin/../lib/gcc/arm-none-eabi/7.3.1/../../../../arm-none-eabi/lib/thumb/v7e-m/fpv5/hard\libc_nano.a(lib_a-mprec.o)
                0x000000000800674e                _Bfree
 .text.__multadd
                0x000000000800677c       0x76 c:/st/stm32cubeide_1.5.0/stm32cubeide/plugins/com.st.stm32cube.ide.mcu.externaltools.gnu-tools-for-stm32.7-2018-q2-update.win32_1.5.0.202011040924/tools/bin/../lib/gcc/arm-none-eabi/7.3.1/../../../../arm-none-eabi/lib/thumb/v7e-m/fpv5/hard\libc_nano.a(lib_a-mprec.o)
                0x000000000800677c                __multadd
 .text.__hi0bits
                0x00000000080067f2       0x3e c:/st/stm32cubeide_1.5.0/stm32cubeide/plugins/com.st.stm32cube.ide.mcu.externaltools.gnu-tools-for-stm32.7-2018-q2-update.win32_1.5.0.202011040924/tools/bin/../lib/gcc/arm-none-eabi/7.3.1/../../../../arm-none-eabi/lib/thumb/v7e-m/fpv5/hard\libc_nano.a(lib_a-mprec.o)
                0x00000000080067f2                __hi0bits
 .text.__lo0bits
                0x0000000008006830       0x5e c:/st/stm32cubeide_1.5.0/stm32cubeide/plugins/com.st.stm32cube.ide.mcu.externaltools.gnu-tools-for-stm32.7-2018-q2-update.win32_1.5.0.202011040924/tools/bin/../lib/gcc/arm-none-eabi/7.3.1/../../../../arm-none-eabi/lib/thumb/v7e-m/fpv5/hard\libc_nano.a(lib_a-mprec.o)
                0x0000000008006830                __lo0bits
 .text.__i2b    0x000000000800688e       0x12 c:/st/stm32cubeide_1.5.0/stm32cubeide/plugins/com.st.stm32cube.ide.mcu.externaltools.gnu-tools-for-stm32.7-2018-q2-update.win32_1.5.0.202011040924/tools/bin/../lib/gcc/arm-none-eabi/7.3.1/../../../../arm-none-eabi/lib/thumb/v7e-m/fpv5/hard\libc_nano.a(lib_a-mprec.o)
                0x000000000800688e                __i2b
 .text.__multiply
                0x00000000080068a0      0x12c c:/st/stm32cubeide_1.5.0/stm32cubeide/plugins/com.st.stm32cube.ide.mcu.externaltools.gnu-tools-for-stm32.7-2018-q2-update.win32_1.5.0.202011040924/tools/bin/../lib/gcc/arm-none-eabi/7.3.1/../../../../arm-none-eabi/lib/thumb/v7e-m/fpv5/hard\libc_nano.a(lib_a-mprec.o)
                0x00000000080068a0                __multiply
 .text.__pow5mult
                0x00000000080069cc       0x9c c:/st/stm32cubeide_1.5.0/stm32cubeide/plugins/com.st.stm32cube.ide.mcu.externaltools.gnu-tools-for-stm32.7-2018-q2-update.win32_1.5.0.202011040924/tools/bin/../lib/gcc/arm-none-eabi/7.3.1/../../../../arm-none-eabi/lib/thumb/v7e-m/fpv5/hard\libc_nano.a(lib_a-mprec.o)
                0x00000000080069cc                __pow5mult
 .text.__lshift
                0x0000000008006a68       0xa8 c:/st/stm32cubeide_1.5.0/stm32cubeide/plugins/com.st.stm32cube.ide.mcu.externaltools.gnu-tools-for-stm32.7-2018-q2-update.win32_1.5.0.202011040924/tools/bin/../lib/gcc/arm-none-eabi/7.3.1/../../../../arm-none-eabi/lib/thumb/v7e-m/fpv5/hard\libc_nano.a(lib_a-mprec.o)
                0x0000000008006a68                __lshift
 .text.__mcmp   0x0000000008006b10       0x34 c:/st/stm32cubeide_1.5.0/stm32cubeide/plugins/com.st.stm32cube.ide.mcu.externaltools.gnu-tools-for-stm32.7-2018-q2-update.win32_1.5.0.202011040924/tools/bin/../lib/gcc/arm-none-eabi/7.3.1/../../../../arm-none-eabi/lib/thumb/v7e-m/fpv5/hard\libc_nano.a(lib_a-mprec.o)
                0x0000000008006b10                __mcmp
 .text.__mdiff  0x0000000008006b44       0xba c:/st/stm32cubeide_1.5.0/stm32cubeide/plugins/com.st.stm32cube.ide.mcu.externaltools.gnu-tools-for-stm32.7-2018-q2-update.win32_1.5.0.202011040924/tools/bin/../lib/gcc/arm-none-eabi/7.3.1/../../../../arm-none-eabi/lib/thumb/v7e-m/fpv5/hard\libc_nano.a(lib_a-mprec.o)
                0x0000000008006b44                __mdiff
 .text.__d2b    0x0000000008006bfe       0x9e c:/st/stm32cubeide_1.5.0/stm32cubeide/plugins/com.st.stm32cube.ide.mcu.externaltools.gnu-tools-for-stm32.7-2018-q2-update.win32_1.5.0.202011040924/tools/bin/../lib/gcc/arm-none-eabi/7.3.1/../../../../arm-none-eabi/lib/thumb/v7e-m/fpv5/hard\libc_nano.a(lib_a-mprec.o)
                0x0000000008006bfe                __d2b
 .text._calloc_r
                0x0000000008006c9c       0x1c c:/st/stm32cubeide_1.5.0/stm32cubeide/plugins/com.st.stm32cube.ide.mcu.externaltools.gnu-tools-for-stm32.7-2018-q2-update.win32_1.5.0.202011040924/tools/bin/../lib/gcc/arm-none-eabi/7.3.1/../../../../arm-none-eabi/lib/thumb/v7e-m/fpv5/hard\libc_nano.a(lib_a-nano-callocr.o)
                0x0000000008006c9c                _calloc_r
 .text._free_r  0x0000000008006cb8       0x9c c:/st/stm32cubeide_1.5.0/stm32cubeide/plugins/com.st.stm32cube.ide.mcu.externaltools.gnu-tools-for-stm32.7-2018-q2-update.win32_1.5.0.202011040924/tools/bin/../lib/gcc/arm-none-eabi/7.3.1/../../../../arm-none-eabi/lib/thumb/v7e-m/fpv5/hard\libc_nano.a(lib_a-nano-freer.o)
                0x0000000008006cb8                _free_r
 .text._malloc_r
                0x0000000008006d54       0xb4 c:/st/stm32cubeide_1.5.0/stm32cubeide/plugins/com.st.stm32cube.ide.mcu.externaltools.gnu-tools-for-stm32.7-2018-q2-update.win32_1.5.0.202011040924/tools/bin/../lib/gcc/arm-none-eabi/7.3.1/../../../../arm-none-eabi/lib/thumb/v7e-m/fpv5/hard\libc_nano.a(lib_a-nano-mallocr.o)
                0x0000000008006d54                _malloc_r
 .text.__sfputc_r
                0x0000000008006e08       0x2e c:/st/stm32cubeide_1.5.0/stm32cubeide/plugins/com.st.stm32cube.ide.mcu.externaltools.gnu-tools-for-stm32.7-2018-q2-update.win32_1.5.0.202011040924/tools/bin/../lib/gcc/arm-none-eabi/7.3.1/../../../../arm-none-eabi/lib/thumb/v7e-m/fpv5/hard\libc_nano.a(lib_a-nano-vfprintf.o)
 .text.__sfputs_r
                0x0000000008006e36       0x24 c:/st/stm32cubeide_1.5.0/stm32cubeide/plugins/com.st.stm32cube.ide.mcu.externaltools.gnu-tools-for-stm32.7-2018-q2-update.win32_1.5.0.202011040924/tools/bin/../lib/gcc/arm-none-eabi/7.3.1/../../../../arm-none-eabi/lib/thumb/v7e-m/fpv5/hard\libc_nano.a(lib_a-nano-vfprintf.o)
                0x0000000008006e36                __sfputs_r
 *fill*         0x0000000008006e5a        0x2 
 .text._vfprintf_r
                0x0000000008006e5c      0x22c c:/st/stm32cubeide_1.5.0/stm32cubeide/plugins/com.st.stm32cube.ide.mcu.externaltools.gnu-tools-for-stm32.7-2018-q2-update.win32_1.5.0.202011040924/tools/bin/../lib/gcc/arm-none-eabi/7.3.1/../../../../arm-none-eabi/lib/thumb/v7e-m/fpv5/hard\libc_nano.a(lib_a-nano-vfprintf.o)
                0x0000000008006e5c                _vfprintf_r
                0x0000000008006e5c                _vfiprintf_r
 .text._sbrk_r  0x0000000008007088       0x20 c:/st/stm32cubeide_1.5.0/stm32cubeide/plugins/com.st.stm32cube.ide.mcu.externaltools.gnu-tools-for-stm32.7-2018-q2-update.win32_1.5.0.202011040924/tools/bin/../lib/gcc/arm-none-eabi/7.3.1/../../../../arm-none-eabi/lib/thumb/v7e-m/fpv5/hard\libc_nano.a(lib_a-sbrkr.o)
                0x0000000008007088                _sbrk_r
 .text.__sread  0x00000000080070a8       0x22 c:/st/stm32cubeide_1.5.0/stm32cubeide/plugins/com.st.stm32cube.ide.mcu.externaltools.gnu-tools-for-stm32.7-2018-q2-update.win32_1.5.0.202011040924/tools/bin/../lib/gcc/arm-none-eabi/7.3.1/../../../../arm-none-eabi/lib/thumb/v7e-m/fpv5/hard\libc_nano.a(lib_a-stdio.o)
                0x00000000080070a8                __sread
 .text.__swrite
                0x00000000080070ca       0x38 c:/st/stm32cubeide_1.5.0/stm32cubeide/plugins/com.st.stm32cube.ide.mcu.externaltools.gnu-tools-for-stm32.7-2018-q2-update.win32_1.5.0.202011040924/tools/bin/../lib/gcc/arm-none-eabi/7.3.1/../../../../arm-none-eabi/lib/thumb/v7e-m/fpv5/hard\libc_nano.a(lib_a-stdio.o)
                0x00000000080070ca                __swrite
 .text.__sseek  0x0000000008007102       0x24 c:/st/stm32cubeide_1.5.0/stm32cubeide/plugins/com.st.stm32cube.ide.mcu.externaltools.gnu-tools-for-stm32.7-2018-q2-update.win32_1.5.0.202011040924/tools/bin/../lib/gcc/arm-none-eabi/7.3.1/../../../../arm-none-eabi/lib/thumb/v7e-m/fpv5/hard\libc_nano.a(lib_a-stdio.o)
                0x0000000008007102                __sseek
 .text.__sclose
                0x0000000008007126        0x8 c:/st/stm32cubeide_1.5.0/stm32cubeide/plugins/com.st.stm32cube.ide.mcu.externaltools.gnu-tools-for-stm32.7-2018-q2-update.win32_1.5.0.202011040924/tools/bin/../lib/gcc/arm-none-eabi/7.3.1/../../../../arm-none-eabi/lib/thumb/v7e-m/fpv5/hard\libc_nano.a(lib_a-stdio.o)
                0x0000000008007126                __sclose
 *fill*         0x000000000800712e        0x2 
 .text.__swbuf_r
                0x0000000008007130       0xa4 c:/st/stm32cubeide_1.5.0/stm32cubeide/plugins/com.st.stm32cube.ide.mcu.externaltools.gnu-tools-for-stm32.7-2018-q2-update.win32_1.5.0.202011040924/tools/bin/../lib/gcc/arm-none-eabi/7.3.1/../../../../arm-none-eabi/lib/thumb/v7e-m/fpv5/hard\libc_nano.a(lib_a-wbuf.o)
                0x0000000008007130                __swbuf_r
 .text._write_r
                0x00000000080071d4       0x24 c:/st/stm32cubeide_1.5.0/stm32cubeide/plugins/com.st.stm32cube.ide.mcu.externaltools.gnu-tools-for-stm32.7-2018-q2-update.win32_1.5.0.202011040924/tools/bin/../lib/gcc/arm-none-eabi/7.3.1/../../../../arm-none-eabi/lib/thumb/v7e-m/fpv5/hard\libc_nano.a(lib_a-writer.o)
                0x00000000080071d4                _write_r
 .text.__swsetup_r
                0x00000000080071f8       0xdc c:/st/stm32cubeide_1.5.0/stm32cubeide/plugins/com.st.stm32cube.ide.mcu.externaltools.gnu-tools-for-stm32.7-2018-q2-update.win32_1.5.0.202011040924/tools/bin/../lib/gcc/arm-none-eabi/7.3.1/../../../../arm-none-eabi/lib/thumb/v7e-m/fpv5/hard\libc_nano.a(lib_a-wsetup.o)
                0x00000000080071f8                __swsetup_r
 .text._close_r
                0x00000000080072d4       0x20 c:/st/stm32cubeide_1.5.0/stm32cubeide/plugins/com.st.stm32cube.ide.mcu.externaltools.gnu-tools-for-stm32.7-2018-q2-update.win32_1.5.0.202011040924/tools/bin/../lib/gcc/arm-none-eabi/7.3.1/../../../../arm-none-eabi/lib/thumb/v7e-m/fpv5/hard\libc_nano.a(lib_a-closer.o)
                0x00000000080072d4                _close_r
 .text.__sflush_r
                0x00000000080072f4      0x10c c:/st/stm32cubeide_1.5.0/stm32cubeide/plugins/com.st.stm32cube.ide.mcu.externaltools.gnu-tools-for-stm32.7-2018-q2-update.win32_1.5.0.202011040924/tools/bin/../lib/gcc/arm-none-eabi/7.3.1/../../../../arm-none-eabi/lib/thumb/v7e-m/fpv5/hard\libc_nano.a(lib_a-fflush.o)
                0x00000000080072f4                __sflush_r
 .text._fflush_r
                0x0000000008007400       0x54 c:/st/stm32cubeide_1.5.0/stm32cubeide/plugins/com.st.stm32cube.ide.mcu.externaltools.gnu-tools-for-stm32.7-2018-q2-update.win32_1.5.0.202011040924/tools/bin/../lib/gcc/arm-none-eabi/7.3.1/../../../../arm-none-eabi/lib/thumb/v7e-m/fpv5/hard\libc_nano.a(lib_a-fflush.o)
                0x0000000008007400                _fflush_r
 .text._lseek_r
                0x0000000008007454       0x24 c:/st/stm32cubeide_1.5.0/stm32cubeide/plugins/com.st.stm32cube.ide.mcu.externaltools.gnu-tools-for-stm32.7-2018-q2-update.win32_1.5.0.202011040924/tools/bin/../lib/gcc/arm-none-eabi/7.3.1/../../../../arm-none-eabi/lib/thumb/v7e-m/fpv5/hard\libc_nano.a(lib_a-lseekr.o)
                0x0000000008007454                _lseek_r
 .text.__swhatbuf_r
                0x0000000008007478       0x48 c:/st/stm32cubeide_1.5.0/stm32cubeide/plugins/com.st.stm32cube.ide.mcu.externaltools.gnu-tools-for-stm32.7-2018-q2-update.win32_1.5.0.202011040924/tools/bin/../lib/gcc/arm-none-eabi/7.3.1/../../../../arm-none-eabi/lib/thumb/v7e-m/fpv5/hard\libc_nano.a(lib_a-makebuf.o)
                0x0000000008007478                __swhatbuf_r
 .text.__smakebuf_r
                0x00000000080074c0       0x80 c:/st/stm32cubeide_1.5.0/stm32cubeide/plugins/com.st.stm32cube.ide.mcu.externaltools.gnu-tools-for-stm32.7-2018-q2-update.win32_1.5.0.202011040924/tools/bin/../lib/gcc/arm-none-eabi/7.3.1/../../../../arm-none-eabi/lib/thumb/v7e-m/fpv5/hard\libc_nano.a(lib_a-makebuf.o)
                0x00000000080074c0                __smakebuf_r
 .text.__ascii_mbtowc
                0x0000000008007540       0x24 c:/st/stm32cubeide_1.5.0/stm32cubeide/plugins/com.st.stm32cube.ide.mcu.externaltools.gnu-tools-for-stm32.7-2018-q2-update.win32_1.5.0.202011040924/tools/bin/../lib/gcc/arm-none-eabi/7.3.1/../../../../arm-none-eabi/lib/thumb/v7e-m/fpv5/hard\libc_nano.a(lib_a-mbtowc_r.o)
                0x0000000008007540                __ascii_mbtowc
 .text.__malloc_lock
                0x0000000008007564        0x2 c:/st/stm32cubeide_1.5.0/stm32cubeide/plugins/com.st.stm32cube.ide.mcu.externaltools.gnu-tools-for-stm32.7-2018-q2-update.win32_1.5.0.202011040924/tools/bin/../lib/gcc/arm-none-eabi/7.3.1/../../../../arm-none-eabi/lib/thumb/v7e-m/fpv5/hard\libc_nano.a(lib_a-mlock.o)
                0x0000000008007564                __malloc_lock
 .text.__malloc_unlock
                0x0000000008007566        0x2 c:/st/stm32cubeide_1.5.0/stm32cubeide/plugins/com.st.stm32cube.ide.mcu.externaltools.gnu-tools-for-stm32.7-2018-q2-update.win32_1.5.0.202011040924/tools/bin/../lib/gcc/arm-none-eabi/7.3.1/../../../../arm-none-eabi/lib/thumb/v7e-m/fpv5/hard\libc_nano.a(lib_a-mlock.o)
                0x0000000008007566                __malloc_unlock
 .text._read_r  0x0000000008007568       0x24 c:/st/stm32cubeide_1.5.0/stm32cubeide/plugins/com.st.stm32cube.ide.mcu.externaltools.gnu-tools-for-stm32.7-2018-q2-update.win32_1.5.0.202011040924/tools/bin/../lib/gcc/arm-none-eabi/7.3.1/../../../../arm-none-eabi/lib/thumb/v7e-m/fpv5/hard\libc_nano.a(lib_a-readr.o)
                0x0000000008007568                _read_r
 .text.__ascii_wctomb
                0x000000000800758c       0x1a c:/st/stm32cubeide_1.5.0/stm32cubeide/plugins/com.st.stm32cube.ide.mcu.externaltools.gnu-tools-for-stm32.7-2018-q2-update.win32_1.5.0.202011040924/tools/bin/../lib/gcc/arm-none-eabi/7.3.1/../../../../arm-none-eabi/lib/thumb/v7e-m/fpv5/hard\libc_nano.a(lib_a-wctomb_r.o)
                0x000000000800758c                __ascii_wctomb
 *fill*         0x00000000080075a6        0x2 
 .text._fstat_r
                0x00000000080075a8       0x24 c:/st/stm32cubeide_1.5.0/stm32cubeide/plugins/com.st.stm32cube.ide.mcu.externaltools.gnu-tools-for-stm32.7-2018-q2-update.win32_1.5.0.202011040924/tools/bin/../lib/gcc/arm-none-eabi/7.3.1/../../../../arm-none-eabi/lib/thumb/v7e-m/fpv5/hard\libc_nano.a(lib_a-fstatr.o)
                0x00000000080075a8                _fstat_r
 .text._isatty_r
                0x00000000080075cc       0x20 c:/st/stm32cubeide_1.5.0/stm32cubeide/plugins/com.st.stm32cube.ide.mcu.externaltools.gnu-tools-for-stm32.7-2018-q2-update.win32_1.5.0.202011040924/tools/bin/../lib/gcc/arm-none-eabi/7.3.1/../../../../arm-none-eabi/lib/thumb/v7e-m/fpv5/hard\libc_nano.a(lib_a-isattyr.o)
                0x00000000080075cc                _isatty_r
 *(.glue_7)
 .glue_7        0x00000000080075ec        0x0 linker stubs
 *(.glue_7t)
 .glue_7t       0x00000000080075ec        0x0 linker stubs
 *(.eh_frame)
 .eh_frame      0x00000000080075ec        0x0 c:/st/stm32cubeide_1.5.0/stm32cubeide/plugins/com.st.stm32cube.ide.mcu.externaltools.gnu-tools-for-stm32.7-2018-q2-update.win32_1.5.0.202011040924/tools/bin/../lib/gcc/arm-none-eabi/7.3.1/thumb/v7e-m/fpv5/hard/crtbegin.o
 *(.init)
 .init          0x00000000080075ec        0x4 c:/st/stm32cubeide_1.5.0/stm32cubeide/plugins/com.st.stm32cube.ide.mcu.externaltools.gnu-tools-for-stm32.7-2018-q2-update.win32_1.5.0.202011040924/tools/bin/../lib/gcc/arm-none-eabi/7.3.1/thumb/v7e-m/fpv5/hard/crti.o
                0x00000000080075ec                _init
 .init          0x00000000080075f0        0x8 c:/st/stm32cubeide_1.5.0/stm32cubeide/plugins/com.st.stm32cube.ide.mcu.externaltools.gnu-tools-for-stm32.7-2018-q2-update.win32_1.5.0.202011040924/tools/bin/../lib/gcc/arm-none-eabi/7.3.1/thumb/v7e-m/fpv5/hard/crtn.o
 *(.fini)
 .fini          0x00000000080075f8        0x4 c:/st/stm32cubeide_1.5.0/stm32cubeide/plugins/com.st.stm32cube.ide.mcu.externaltools.gnu-tools-for-stm32.7-2018-q2-update.win32_1.5.0.202011040924/tools/bin/../lib/gcc/arm-none-eabi/7.3.1/thumb/v7e-m/fpv5/hard/crti.o
                0x00000000080075f8                _fini
 .fini          0x00000000080075fc        0x8 c:/st/stm32cubeide_1.5.0/stm32cubeide/plugins/com.st.stm32cube.ide.mcu.externaltools.gnu-tools-for-stm32.7-2018-q2-update.win32_1.5.0.202011040924/tools/bin/../lib/gcc/arm-none-eabi/7.3.1/thumb/v7e-m/fpv5/hard/crtn.o
                0x0000000008007604                . = ALIGN (0x4)
                0x0000000008007604                _etext = .

.vfp11_veneer   0x0000000008007604        0x0
 .vfp11_veneer  0x0000000008007604        0x0 linker stubs

.v4_bx          0x0000000008007604        0x0
 .v4_bx         0x0000000008007604        0x0 linker stubs

.iplt           0x0000000008007604        0x0
 .iplt          0x0000000008007604        0x0 c:/st/stm32cubeide_1.5.0/stm32cubeide/plugins/com.st.stm32cube.ide.mcu.externaltools.gnu-tools-for-stm32.7-2018-q2-update.win32_1.5.0.202011040924/tools/bin/../lib/gcc/arm-none-eabi/7.3.1/thumb/v7e-m/fpv5/hard/crtbegin.o

.rodata         0x0000000008007608      0x2f8
                0x0000000008007608                . = ALIGN (0x4)
 *(.rodata)
 .rodata        0x0000000008007608       0x1c Core/Src/main.o
 *(.rodata*)
 .rodata.AHBPrescTable
                0x0000000008007624       0x10 Core/Src/system_stm32f7xx.o
                0x0000000008007624                AHBPrescTable
 .rodata.APBPrescTable
                0x0000000008007634        0x8 Core/Src/system_stm32f7xx.o
                0x0000000008007634                APBPrescTable
 .rodata._global_impure_ptr
                0x000000000800763c        0x4 c:/st/stm32cubeide_1.5.0/stm32cubeide/plugins/com.st.stm32cube.ide.mcu.externaltools.gnu-tools-for-stm32.7-2018-q2-update.win32_1.5.0.202011040924/tools/bin/../lib/gcc/arm-none-eabi/7.3.1/../../../../arm-none-eabi/lib/thumb/v7e-m/fpv5/hard\libc_nano.a(lib_a-impure.o)
                0x000000000800763c                _global_impure_ptr
 .rodata._printf_float.str1.1
                0x0000000008007640       0x12 c:/st/stm32cubeide_1.5.0/stm32cubeide/plugins/com.st.stm32cube.ide.mcu.externaltools.gnu-tools-for-stm32.7-2018-q2-update.win32_1.5.0.202011040924/tools/bin/../lib/gcc/arm-none-eabi/7.3.1/../../../../arm-none-eabi/lib/thumb/v7e-m/fpv5/hard\libc_nano.a(lib_a-nano-vfprintf_float.o)
 .rodata._printf_i.str1.1
                0x0000000008007652       0x22 c:/st/stm32cubeide_1.5.0/stm32cubeide/plugins/com.st.stm32cube.ide.mcu.externaltools.gnu-tools-for-stm32.7-2018-q2-update.win32_1.5.0.202011040924/tools/bin/../lib/gcc/arm-none-eabi/7.3.1/../../../../arm-none-eabi/lib/thumb/v7e-m/fpv5/hard\libc_nano.a(lib_a-nano-vfprintf_i.o)
 .rodata._dtoa_r.str1.1
                0x0000000008007674        0xd c:/st/stm32cubeide_1.5.0/stm32cubeide/plugins/com.st.stm32cube.ide.mcu.externaltools.gnu-tools-for-stm32.7-2018-q2-update.win32_1.5.0.202011040924/tools/bin/../lib/gcc/arm-none-eabi/7.3.1/../../../../arm-none-eabi/lib/thumb/v7e-m/fpv5/hard\libc_nano.a(lib_a-dtoa.o)
                                          0xf (size before relaxing)
 *fill*         0x0000000008007681        0x3 
 .rodata.__sf_fake_stderr
                0x0000000008007684       0x20 c:/st/stm32cubeide_1.5.0/stm32cubeide/plugins/com.st.stm32cube.ide.mcu.externaltools.gnu-tools-for-stm32.7-2018-q2-update.win32_1.5.0.202011040924/tools/bin/../lib/gcc/arm-none-eabi/7.3.1/../../../../arm-none-eabi/lib/thumb/v7e-m/fpv5/hard\libc_nano.a(lib_a-findfp.o)
                0x0000000008007684                __sf_fake_stderr
 .rodata.__sf_fake_stdin
                0x00000000080076a4       0x20 c:/st/stm32cubeide_1.5.0/stm32cubeide/plugins/com.st.stm32cube.ide.mcu.externaltools.gnu-tools-for-stm32.7-2018-q2-update.win32_1.5.0.202011040924/tools/bin/../lib/gcc/arm-none-eabi/7.3.1/../../../../arm-none-eabi/lib/thumb/v7e-m/fpv5/hard\libc_nano.a(lib_a-findfp.o)
                0x00000000080076a4                __sf_fake_stdin
 .rodata.__sf_fake_stdout
                0x00000000080076c4       0x20 c:/st/stm32cubeide_1.5.0/stm32cubeide/plugins/com.st.stm32cube.ide.mcu.externaltools.gnu-tools-for-stm32.7-2018-q2-update.win32_1.5.0.202011040924/tools/bin/../lib/gcc/arm-none-eabi/7.3.1/../../../../arm-none-eabi/lib/thumb/v7e-m/fpv5/hard\libc_nano.a(lib_a-findfp.o)
                0x00000000080076c4                __sf_fake_stdout
 *fill*         0x00000000080076e4        0x4 
 .rodata.__mprec_bigtens
                0x00000000080076e8       0x28 c:/st/stm32cubeide_1.5.0/stm32cubeide/plugins/com.st.stm32cube.ide.mcu.externaltools.gnu-tools-for-stm32.7-2018-q2-update.win32_1.5.0.202011040924/tools/bin/../lib/gcc/arm-none-eabi/7.3.1/../../../../arm-none-eabi/lib/thumb/v7e-m/fpv5/hard\libc_nano.a(lib_a-mprec.o)
                0x00000000080076e8                __mprec_bigtens
 .rodata.__mprec_tens
                0x0000000008007710       0xc8 c:/st/stm32cubeide_1.5.0/stm32cubeide/plugins/com.st.stm32cube.ide.mcu.externaltools.gnu-tools-for-stm32.7-2018-q2-update.win32_1.5.0.202011040924/tools/bin/../lib/gcc/arm-none-eabi/7.3.1/../../../../arm-none-eabi/lib/thumb/v7e-m/fpv5/hard\libc_nano.a(lib_a-mprec.o)
                0x0000000008007710                __mprec_tens
 .rodata.p05.7359
                0x00000000080077d8        0xc c:/st/stm32cubeide_1.5.0/stm32cubeide/plugins/com.st.stm32cube.ide.mcu.externaltools.gnu-tools-for-stm32.7-2018-q2-update.win32_1.5.0.202011040924/tools/bin/../lib/gcc/arm-none-eabi/7.3.1/../../../../arm-none-eabi/lib/thumb/v7e-m/fpv5/hard\libc_nano.a(lib_a-mprec.o)
 .rodata._vfprintf_r.str1.1
                0x00000000080077e4       0x11 c:/st/stm32cubeide_1.5.0/stm32cubeide/plugins/com.st.stm32cube.ide.mcu.externaltools.gnu-tools-for-stm32.7-2018-q2-update.win32_1.5.0.202011040924/tools/bin/../lib/gcc/arm-none-eabi/7.3.1/../../../../arm-none-eabi/lib/thumb/v7e-m/fpv5/hard\libc_nano.a(lib_a-nano-vfprintf.o)
 .rodata._setlocale_r.str1.1
                0x00000000080077f5        0x8 c:/st/stm32cubeide_1.5.0/stm32cubeide/plugins/com.st.stm32cube.ide.mcu.externaltools.gnu-tools-for-stm32.7-2018-q2-update.win32_1.5.0.202011040924/tools/bin/../lib/gcc/arm-none-eabi/7.3.1/../../../../arm-none-eabi/lib/thumb/v7e-m/fpv5/hard\libc_nano.a(lib_a-locale.o)
                                          0x9 (size before relaxing)
 .rodata.str1.1
                0x00000000080077fd        0x2 c:/st/stm32cubeide_1.5.0/stm32cubeide/plugins/com.st.stm32cube.ide.mcu.externaltools.gnu-tools-for-stm32.7-2018-q2-update.win32_1.5.0.202011040924/tools/bin/../lib/gcc/arm-none-eabi/7.3.1/../../../../arm-none-eabi/lib/thumb/v7e-m/fpv5/hard\libc_nano.a(lib_a-locale.o)
 .rodata._ctype_
                0x00000000080077ff      0x101 c:/st/stm32cubeide_1.5.0/stm32cubeide/plugins/com.st.stm32cube.ide.mcu.externaltools.gnu-tools-for-stm32.7-2018-q2-update.win32_1.5.0.202011040924/tools/bin/../lib/gcc/arm-none-eabi/7.3.1/../../../../arm-none-eabi/lib/thumb/v7e-m/fpv5/hard\libc_nano.a(lib_a-ctype_.o)
                0x00000000080077ff                _ctype_
                0x0000000008007900                . = ALIGN (0x4)

.ARM.extab      0x0000000008007900        0x0
                0x0000000008007900                . = ALIGN (0x4)
 *(.ARM.extab* .gnu.linkonce.armextab.*)
                0x0000000008007900                . = ALIGN (0x4)

.ARM            0x0000000008007900        0x8
                0x0000000008007900                . = ALIGN (0x4)
                0x0000000008007900                __exidx_start = .
 *(.ARM.exidx*)
 .ARM.exidx     0x0000000008007900        0x8 c:/st/stm32cubeide_1.5.0/stm32cubeide/plugins/com.st.stm32cube.ide.mcu.externaltools.gnu-tools-for-stm32.7-2018-q2-update.win32_1.5.0.202011040924/tools/bin/../lib/gcc/arm-none-eabi/7.3.1/thumb/v7e-m/fpv5/hard\libgcc.a(_udivmoddi4.o)
                0x0000000008007908                __exidx_end = .
                0x0000000008007908                . = ALIGN (0x4)

.rel.dyn        0x0000000008007908        0x0
 .rel.iplt      0x0000000008007908        0x0 c:/st/stm32cubeide_1.5.0/stm32cubeide/plugins/com.st.stm32cube.ide.mcu.externaltools.gnu-tools-for-stm32.7-2018-q2-update.win32_1.5.0.202011040924/tools/bin/../lib/gcc/arm-none-eabi/7.3.1/thumb/v7e-m/fpv5/hard/crtbegin.o

.preinit_array  0x0000000008007908        0x0
                0x0000000008007908                . = ALIGN (0x4)
                0x0000000008007908                PROVIDE (__preinit_array_start = .)
 *(.preinit_array*)
                0x0000000008007908                PROVIDE (__preinit_array_end = .)
                0x0000000008007908                . = ALIGN (0x4)

.init_array     0x0000000008007908        0x4
                0x0000000008007908                . = ALIGN (0x4)
                0x0000000008007908                PROVIDE (__init_array_start = .)
 *(SORT_BY_NAME(.init_array.*))
 *(.init_array*)
 .init_array    0x0000000008007908        0x4 c:/st/stm32cubeide_1.5.0/stm32cubeide/plugins/com.st.stm32cube.ide.mcu.externaltools.gnu-tools-for-stm32.7-2018-q2-update.win32_1.5.0.202011040924/tools/bin/../lib/gcc/arm-none-eabi/7.3.1/thumb/v7e-m/fpv5/hard/crtbegin.o
                0x000000000800790c                PROVIDE (__init_array_end = .)
                0x000000000800790c                . = ALIGN (0x4)

.fini_array     0x000000000800790c        0x4
                0x000000000800790c                . = ALIGN (0x4)
                [!provide]                        PROVIDE (__fini_array_start = .)
 *(SORT_BY_NAME(.fini_array.*))
 *(.fini_array*)
 .fini_array    0x000000000800790c        0x4 c:/st/stm32cubeide_1.5.0/stm32cubeide/plugins/com.st.stm32cube.ide.mcu.externaltools.gnu-tools-for-stm32.7-2018-q2-update.win32_1.5.0.202011040924/tools/bin/../lib/gcc/arm-none-eabi/7.3.1/thumb/v7e-m/fpv5/hard/crtbegin.o
                [!provide]                        PROVIDE (__fini_array_end = .)
                0x0000000008007910                . = ALIGN (0x4)
                0x0000000008007910                _sidata = LOADADDR (.data)

.data           0x0000000020000000      0x1dc load address 0x0000000008007910
                0x0000000020000000                . = ALIGN (0x4)
                0x0000000020000000                _sdata = .
 *(.data)
 *(.data*)
 .data.SystemCoreClock
                0x0000000020000000        0x4 Core/Src/system_stm32f7xx.o
                0x0000000020000000                SystemCoreClock
 .data.uwTickPrio
                0x0000000020000004        0x4 Drivers/STM32F7xx_HAL_Driver/Src/stm32f7xx_hal.o
                0x0000000020000004                uwTickPrio
 .data.uwTickFreq
                0x0000000020000008        0x1 Drivers/STM32F7xx_HAL_Driver/Src/stm32f7xx_hal.o
                0x0000000020000008                uwTickFreq
 *fill*         0x0000000020000009        0x3 
 .data._impure_ptr
                0x000000002000000c        0x4 c:/st/stm32cubeide_1.5.0/stm32cubeide/plugins/com.st.stm32cube.ide.mcu.externaltools.gnu-tools-for-stm32.7-2018-q2-update.win32_1.5.0.202011040924/tools/bin/../lib/gcc/arm-none-eabi/7.3.1/../../../../arm-none-eabi/lib/thumb/v7e-m/fpv5/hard\libc_nano.a(lib_a-impure.o)
                0x000000002000000c                _impure_ptr
 .data.impure_data
                0x0000000020000010       0x60 c:/st/stm32cubeide_1.5.0/stm32cubeide/plugins/com.st.stm32cube.ide.mcu.externaltools.gnu-tools-for-stm32.7-2018-q2-update.win32_1.5.0.202011040924/tools/bin/../lib/gcc/arm-none-eabi/7.3.1/../../../../arm-none-eabi/lib/thumb/v7e-m/fpv5/hard\libc_nano.a(lib_a-impure.o)
 .data.__global_locale
                0x0000000020000070      0x16c c:/st/stm32cubeide_1.5.0/stm32cubeide/plugins/com.st.stm32cube.ide.mcu.externaltools.gnu-tools-for-stm32.7-2018-q2-update.win32_1.5.0.202011040924/tools/bin/../lib/gcc/arm-none-eabi/7.3.1/../../../../arm-none-eabi/lib/thumb/v7e-m/fpv5/hard\libc_nano.a(lib_a-locale.o)
                0x0000000020000070                __global_locale
 *(.RamFunc)
 *(.RamFunc*)
                0x00000000200001dc                . = ALIGN (0x4)
                0x00000000200001dc                _edata = .

.igot.plt       0x00000000200001dc        0x0 load address 0x0000000008007aec
 .igot.plt      0x00000000200001dc        0x0 c:/st/stm32cubeide_1.5.0/stm32cubeide/plugins/com.st.stm32cube.ide.mcu.externaltools.gnu-tools-for-stm32.7-2018-q2-update.win32_1.5.0.202011040924/tools/bin/../lib/gcc/arm-none-eabi/7.3.1/thumb/v7e-m/fpv5/hard/crtbegin.o
                0x00000000200001dc                . = ALIGN (0x4)

.bss            0x00000000200001e0      0x5a8 load address 0x0000000008007aec
                0x00000000200001e0                _sbss = .
                0x00000000200001e0                __bss_start__ = _sbss
 *(.bss)
 .bss           0x00000000200001e0       0x1c c:/st/stm32cubeide_1.5.0/stm32cubeide/plugins/com.st.stm32cube.ide.mcu.externaltools.gnu-tools-for-stm32.7-2018-q2-update.win32_1.5.0.202011040924/tools/bin/../lib/gcc/arm-none-eabi/7.3.1/thumb/v7e-m/fpv5/hard/crtbegin.o
 *(.bss*)
 .bss.__sbrk_heap_end
                0x00000000200001fc        0x4 Core/Src/sysmem.o
 .bss.__malloc_free_list
                0x0000000020000200        0x4 c:/st/stm32cubeide_1.5.0/stm32cubeide/plugins/com.st.stm32cube.ide.mcu.externaltools.gnu-tools-for-stm32.7-2018-q2-update.win32_1.5.0.202011040924/tools/bin/../lib/gcc/arm-none-eabi/7.3.1/../../../../arm-none-eabi/lib/thumb/v7e-m/fpv5/hard\libc_nano.a(lib_a-nano-mallocr.o)
                0x0000000020000200                __malloc_free_list
 .bss.__malloc_sbrk_start
                0x0000000020000204        0x4 c:/st/stm32cubeide_1.5.0/stm32cubeide/plugins/com.st.stm32cube.ide.mcu.externaltools.gnu-tools-for-stm32.7-2018-q2-update.win32_1.5.0.202011040924/tools/bin/../lib/gcc/arm-none-eabi/7.3.1/../../../../arm-none-eabi/lib/thumb/v7e-m/fpv5/hard\libc_nano.a(lib_a-nano-mallocr.o)
                0x0000000020000204                __malloc_sbrk_start
 *(COMMON)
 COMMON         0x0000000020000208       0x4c Core/Src/i2c.o
                0x0000000020000208                hi2c1
 *fill*         0x0000000020000254        0x4 
 COMMON         0x0000000020000258      0x528 Core/Src/main.o
                0x0000000020000258                huart3
                0x00000000200002d8                hpcd_USB_OTG_FS
                0x00000000200006e0                MPU6050
                0x0000000020000738                heth
 COMMON         0x0000000020000780        0x4 Drivers/STM32F7xx_HAL_Driver/Src/stm32f7xx_hal.o
                0x0000000020000780                uwTick
 COMMON         0x0000000020000784        0x4 c:/st/stm32cubeide_1.5.0/stm32cubeide/plugins/com.st.stm32cube.ide.mcu.externaltools.gnu-tools-for-stm32.7-2018-q2-update.win32_1.5.0.202011040924/tools/bin/../lib/gcc/arm-none-eabi/7.3.1/../../../../arm-none-eabi/lib/thumb/v7e-m/fpv5/hard\libc_nano.a(lib_a-reent.o)
                0x0000000020000784                errno
                0x0000000020000788                . = ALIGN (0x4)
                0x0000000020000788                _ebss = .
                0x0000000020000788                __bss_end__ = _ebss

._user_heap_stack
                0x0000000020000788      0x600 load address 0x0000000008007aec
                0x0000000020000788                . = ALIGN (0x8)
                [!provide]                        PROVIDE (end = .)
                0x0000000020000788                PROVIDE (_end = .)
                0x0000000020000988                . = (. + _Min_Heap_Size)
 *fill*         0x0000000020000788      0x200 
                0x0000000020000d88                . = (. + _Min_Stack_Size)
 *fill*         0x0000000020000988      0x400 
                0x0000000020000d88                . = ALIGN (0x8)

/DISCARD/
 libc.a(*)
 libm.a(*)
 libgcc.a(*)

.ARM.attributes
                0x0000000000000000       0x2e
 *(.ARM.attributes)
 .ARM.attributes
                0x0000000000000000       0x20 c:/st/stm32cubeide_1.5.0/stm32cubeide/plugins/com.st.stm32cube.ide.mcu.externaltools.gnu-tools-for-stm32.7-2018-q2-update.win32_1.5.0.202011040924/tools/bin/../lib/gcc/arm-none-eabi/7.3.1/thumb/v7e-m/fpv5/hard/crti.o
 .ARM.attributes
                0x0000000000000020       0x32 c:/st/stm32cubeide_1.5.0/stm32cubeide/plugins/com.st.stm32cube.ide.mcu.externaltools.gnu-tools-for-stm32.7-2018-q2-update.win32_1.5.0.202011040924/tools/bin/../lib/gcc/arm-none-eabi/7.3.1/thumb/v7e-m/fpv5/hard/crtbegin.o
 .ARM.attributes
                0x0000000000000052       0x37 Core/Src/i2c.o
 .ARM.attributes
                0x0000000000000089       0x37 Core/Src/main.o
 .ARM.attributes
                0x00000000000000c0       0x37 Core/Src/mpu6050.o
 .ARM.attributes
                0x00000000000000f7       0x37 Core/Src/stm32f7xx_hal_msp.o
 .ARM.attributes
                0x000000000000012e       0x37 Core/Src/stm32f7xx_it.o
 .ARM.attributes
                0x0000000000000165       0x37 Core/Src/syscalls.o
 .ARM.attributes
                0x000000000000019c       0x37 Core/Src/sysmem.o
 .ARM.attributes
                0x00000000000001d3       0x37 Core/Src/system_stm32f7xx.o
 .ARM.attributes
                0x000000000000020a       0x21 Core/Startup/startup_stm32f767zitx.o
 .ARM.attributes
                0x000000000000022b       0x37 Drivers/STM32F7xx_HAL_Driver/Src/stm32f7xx_hal.o
 .ARM.attributes
                0x0000000000000262       0x37 Drivers/STM32F7xx_HAL_Driver/Src/stm32f7xx_hal_cortex.o
 .ARM.attributes
                0x0000000000000299       0x37 Drivers/STM32F7xx_HAL_Driver/Src/stm32f7xx_hal_eth.o
 .ARM.attributes
                0x00000000000002d0       0x37 Drivers/STM32F7xx_HAL_Driver/Src/stm32f7xx_hal_gpio.o
 .ARM.attributes
                0x0000000000000307       0x37 Drivers/STM32F7xx_HAL_Driver/Src/stm32f7xx_hal_i2c.o
 .ARM.attributes
                0x000000000000033e       0x37 Drivers/STM32F7xx_HAL_Driver/Src/stm32f7xx_hal_i2c_ex.o
 .ARM.attributes
                0x0000000000000375       0x37 Drivers/STM32F7xx_HAL_Driver/Src/stm32f7xx_hal_pcd.o
 .ARM.attributes
                0x00000000000003ac       0x37 Drivers/STM32F7xx_HAL_Driver/Src/stm32f7xx_hal_pcd_ex.o
 .ARM.attributes
                0x00000000000003e3       0x37 Drivers/STM32F7xx_HAL_Driver/Src/stm32f7xx_hal_pwr.o
 .ARM.attributes
                0x000000000000041a       0x37 Drivers/STM32F7xx_HAL_Driver/Src/stm32f7xx_hal_pwr_ex.o
 .ARM.attributes
                0x0000000000000451       0x37 Drivers/STM32F7xx_HAL_Driver/Src/stm32f7xx_hal_rcc.o
 .ARM.attributes
                0x0000000000000488       0x37 Drivers/STM32F7xx_HAL_Driver/Src/stm32f7xx_hal_rcc_ex.o
 .ARM.attributes
                0x00000000000004bf       0x37 Drivers/STM32F7xx_HAL_Driver/Src/stm32f7xx_hal_uart.o
 .ARM.attributes
                0x00000000000004f6       0x37 Drivers/STM32F7xx_HAL_Driver/Src/stm32f7xx_ll_usb.o
 .ARM.attributes
                0x000000000000052d       0x32 c:/st/stm32cubeide_1.5.0/stm32cubeide/plugins/com.st.stm32cube.ide.mcu.externaltools.gnu-tools-for-stm32.7-2018-q2-update.win32_1.5.0.202011040924/tools/bin/../lib/gcc/arm-none-eabi/7.3.1/../../../../arm-none-eabi/lib/thumb/v7e-m/fpv5/hard\libc_nano.a(lib_a-errno.o)
 .ARM.attributes
                0x000000000000055f       0x32 c:/st/stm32cubeide_1.5.0/stm32cubeide/plugins/com.st.stm32cube.ide.mcu.externaltools.gnu-tools-for-stm32.7-2018-q2-update.win32_1.5.0.202011040924/tools/bin/../lib/gcc/arm-none-eabi/7.3.1/../../../../arm-none-eabi/lib/thumb/v7e-m/fpv5/hard\libc_nano.a(lib_a-impure.o)
 .ARM.attributes
                0x0000000000000591       0x32 c:/st/stm32cubeide_1.5.0/stm32cubeide/plugins/com.st.stm32cube.ide.mcu.externaltools.gnu-tools-for-stm32.7-2018-q2-update.win32_1.5.0.202011040924/tools/bin/../lib/gcc/arm-none-eabi/7.3.1/../../../../arm-none-eabi/lib/thumb/v7e-m/fpv5/hard\libc_nano.a(lib_a-init.o)
 .ARM.attributes
                0x00000000000005c3       0x32 c:/st/stm32cubeide_1.5.0/stm32cubeide/plugins/com.st.stm32cube.ide.mcu.externaltools.gnu-tools-for-stm32.7-2018-q2-update.win32_1.5.0.202011040924/tools/bin/../lib/gcc/arm-none-eabi/7.3.1/../../../../arm-none-eabi/lib/thumb/v7e-m/fpv5/hard\libc_nano.a(lib_a-memset.o)
 .ARM.attributes
                0x00000000000005f5       0x32 c:/st/stm32cubeide_1.5.0/stm32cubeide/plugins/com.st.stm32cube.ide.mcu.externaltools.gnu-tools-for-stm32.7-2018-q2-update.win32_1.5.0.202011040924/tools/bin/../lib/gcc/arm-none-eabi/7.3.1/../../../../arm-none-eabi/lib/thumb/v7e-m/fpv5/hard\libc_nano.a(lib_a-nano-vfprintf_float.o)
 .ARM.attributes
                0x0000000000000627       0x32 c:/st/stm32cubeide_1.5.0/stm32cubeide/plugins/com.st.stm32cube.ide.mcu.externaltools.gnu-tools-for-stm32.7-2018-q2-update.win32_1.5.0.202011040924/tools/bin/../lib/gcc/arm-none-eabi/7.3.1/../../../../arm-none-eabi/lib/thumb/v7e-m/fpv5/hard\libc_nano.a(lib_a-nano-vfprintf_i.o)
 .ARM.attributes
                0x0000000000000659       0x32 c:/st/stm32cubeide_1.5.0/stm32cubeide/plugins/com.st.stm32cube.ide.mcu.externaltools.gnu-tools-for-stm32.7-2018-q2-update.win32_1.5.0.202011040924/tools/bin/../lib/gcc/arm-none-eabi/7.3.1/../../../../arm-none-eabi/lib/thumb/v7e-m/fpv5/hard\libc_nano.a(lib_a-printf.o)
 .ARM.attributes
                0x000000000000068b       0x19 c:/st/stm32cubeide_1.5.0/stm32cubeide/plugins/com.st.stm32cube.ide.mcu.externaltools.gnu-tools-for-stm32.7-2018-q2-update.win32_1.5.0.202011040924/tools/bin/../lib/gcc/arm-none-eabi/7.3.1/../../../../arm-none-eabi/lib/thumb/v7e-m/fpv5/hard\libc_nano.a(lib_a-strlen.o)
 .ARM.attributes
                0x00000000000006a4       0x32 c:/st/stm32cubeide_1.5.0/stm32cubeide/plugins/com.st.stm32cube.ide.mcu.externaltools.gnu-tools-for-stm32.7-2018-q2-update.win32_1.5.0.202011040924/tools/bin/../lib/gcc/arm-none-eabi/7.3.1/../../../../arm-none-eabi/lib/thumb/v7e-m/fpv5/hard\libc_nano.a(lib_a-dtoa.o)
 .ARM.attributes
                0x00000000000006d6       0x32 c:/st/stm32cubeide_1.5.0/stm32cubeide/plugins/com.st.stm32cube.ide.mcu.externaltools.gnu-tools-for-stm32.7-2018-q2-update.win32_1.5.0.202011040924/tools/bin/../lib/gcc/arm-none-eabi/7.3.1/../../../../arm-none-eabi/lib/thumb/v7e-m/fpv5/hard\libc_nano.a(lib_a-findfp.o)
 .ARM.attributes
                0x0000000000000708       0x32 c:/st/stm32cubeide_1.5.0/stm32cubeide/plugins/com.st.stm32cube.ide.mcu.externaltools.gnu-tools-for-stm32.7-2018-q2-update.win32_1.5.0.202011040924/tools/bin/../lib/gcc/arm-none-eabi/7.3.1/../../../../arm-none-eabi/lib/thumb/v7e-m/fpv5/hard\libc_nano.a(lib_a-fwalk.o)
 .ARM.attributes
                0x000000000000073a       0x32 c:/st/stm32cubeide_1.5.0/stm32cubeide/plugins/com.st.stm32cube.ide.mcu.externaltools.gnu-tools-for-stm32.7-2018-q2-update.win32_1.5.0.202011040924/tools/bin/../lib/gcc/arm-none-eabi/7.3.1/../../../../arm-none-eabi/lib/thumb/v7e-m/fpv5/hard\libc_nano.a(lib_a-localeconv.o)
 .ARM.attributes
                0x000000000000076c       0x32 c:/st/stm32cubeide_1.5.0/stm32cubeide/plugins/com.st.stm32cube.ide.mcu.externaltools.gnu-tools-for-stm32.7-2018-q2-update.win32_1.5.0.202011040924/tools/bin/../lib/gcc/arm-none-eabi/7.3.1/../../../../arm-none-eabi/lib/thumb/v7e-m/fpv5/hard\libc_nano.a(lib_a-malloc.o)
 .ARM.attributes
                0x000000000000079e       0x1e c:/st/stm32cubeide_1.5.0/stm32cubeide/plugins/com.st.stm32cube.ide.mcu.externaltools.gnu-tools-for-stm32.7-2018-q2-update.win32_1.5.0.202011040924/tools/bin/../lib/gcc/arm-none-eabi/7.3.1/../../../../arm-none-eabi/lib/thumb/v7e-m/fpv5/hard\libc_nano.a(lib_a-memchr.o)
 .ARM.attributes
                0x00000000000007bc       0x32 c:/st/stm32cubeide_1.5.0/stm32cubeide/plugins/com.st.stm32cube.ide.mcu.externaltools.gnu-tools-for-stm32.7-2018-q2-update.win32_1.5.0.202011040924/tools/bin/../lib/gcc/arm-none-eabi/7.3.1/../../../../arm-none-eabi/lib/thumb/v7e-m/fpv5/hard\libc_nano.a(lib_a-memcpy-stub.o)
 .ARM.attributes
                0x00000000000007ee       0x32 c:/st/stm32cubeide_1.5.0/stm32cubeide/plugins/com.st.stm32cube.ide.mcu.externaltools.gnu-tools-for-stm32.7-2018-q2-update.win32_1.5.0.202011040924/tools/bin/../lib/gcc/arm-none-eabi/7.3.1/../../../../arm-none-eabi/lib/thumb/v7e-m/fpv5/hard\libc_nano.a(lib_a-mprec.o)
 .ARM.attributes
                0x0000000000000820       0x32 c:/st/stm32cubeide_1.5.0/stm32cubeide/plugins/com.st.stm32cube.ide.mcu.externaltools.gnu-tools-for-stm32.7-2018-q2-update.win32_1.5.0.202011040924/tools/bin/../lib/gcc/arm-none-eabi/7.3.1/../../../../arm-none-eabi/lib/thumb/v7e-m/fpv5/hard\libc_nano.a(lib_a-nano-callocr.o)
 .ARM.attributes
                0x0000000000000852       0x32 c:/st/stm32cubeide_1.5.0/stm32cubeide/plugins/com.st.stm32cube.ide.mcu.externaltools.gnu-tools-for-stm32.7-2018-q2-update.win32_1.5.0.202011040924/tools/bin/../lib/gcc/arm-none-eabi/7.3.1/../../../../arm-none-eabi/lib/thumb/v7e-m/fpv5/hard\libc_nano.a(lib_a-nano-freer.o)
 .ARM.attributes
                0x0000000000000884       0x32 c:/st/stm32cubeide_1.5.0/stm32cubeide/plugins/com.st.stm32cube.ide.mcu.externaltools.gnu-tools-for-stm32.7-2018-q2-update.win32_1.5.0.202011040924/tools/bin/../lib/gcc/arm-none-eabi/7.3.1/../../../../arm-none-eabi/lib/thumb/v7e-m/fpv5/hard\libc_nano.a(lib_a-nano-mallocr.o)
 .ARM.attributes
                0x00000000000008b6       0x32 c:/st/stm32cubeide_1.5.0/stm32cubeide/plugins/com.st.stm32cube.ide.mcu.externaltools.gnu-tools-for-stm32.7-2018-q2-update.win32_1.5.0.202011040924/tools/bin/../lib/gcc/arm-none-eabi/7.3.1/../../../../arm-none-eabi/lib/thumb/v7e-m/fpv5/hard\libc_nano.a(lib_a-nano-vfprintf.o)
 .ARM.attributes
                0x00000000000008e8       0x32 c:/st/stm32cubeide_1.5.0/stm32cubeide/plugins/com.st.stm32cube.ide.mcu.externaltools.gnu-tools-for-stm32.7-2018-q2-update.win32_1.5.0.202011040924/tools/bin/../lib/gcc/arm-none-eabi/7.3.1/../../../../arm-none-eabi/lib/thumb/v7e-m/fpv5/hard\libc_nano.a(lib_a-sbrkr.o)
 .ARM.attributes
                0x000000000000091a       0x32 c:/st/stm32cubeide_1.5.0/stm32cubeide/plugins/com.st.stm32cube.ide.mcu.externaltools.gnu-tools-for-stm32.7-2018-q2-update.win32_1.5.0.202011040924/tools/bin/../lib/gcc/arm-none-eabi/7.3.1/../../../../arm-none-eabi/lib/thumb/v7e-m/fpv5/hard\libc_nano.a(lib_a-stdio.o)
 .ARM.attributes
                0x000000000000094c       0x32 c:/st/stm32cubeide_1.5.0/stm32cubeide/plugins/com.st.stm32cube.ide.mcu.externaltools.gnu-tools-for-stm32.7-2018-q2-update.win32_1.5.0.202011040924/tools/bin/../lib/gcc/arm-none-eabi/7.3.1/../../../../arm-none-eabi/lib/thumb/v7e-m/fpv5/hard\libc_nano.a(lib_a-wbuf.o)
 .ARM.attributes
                0x000000000000097e       0x32 c:/st/stm32cubeide_1.5.0/stm32cubeide/plugins/com.st.stm32cube.ide.mcu.externaltools.gnu-tools-for-stm32.7-2018-q2-update.win32_1.5.0.202011040924/tools/bin/../lib/gcc/arm-none-eabi/7.3.1/../../../../arm-none-eabi/lib/thumb/v7e-m/fpv5/hard\libc_nano.a(lib_a-writer.o)
 .ARM.attributes
                0x00000000000009b0       0x32 c:/st/stm32cubeide_1.5.0/stm32cubeide/plugins/com.st.stm32cube.ide.mcu.externaltools.gnu-tools-for-stm32.7-2018-q2-update.win32_1.5.0.202011040924/tools/bin/../lib/gcc/arm-none-eabi/7.3.1/../../../../arm-none-eabi/lib/thumb/v7e-m/fpv5/hard\libc_nano.a(lib_a-wsetup.o)
 .ARM.attributes
                0x00000000000009e2       0x32 c:/st/stm32cubeide_1.5.0/stm32cubeide/plugins/com.st.stm32cube.ide.mcu.externaltools.gnu-tools-for-stm32.7-2018-q2-update.win32_1.5.0.202011040924/tools/bin/../lib/gcc/arm-none-eabi/7.3.1/../../../../arm-none-eabi/lib/thumb/v7e-m/fpv5/hard\libc_nano.a(lib_a-closer.o)
 .ARM.attributes
                0x0000000000000a14       0x32 c:/st/stm32cubeide_1.5.0/stm32cubeide/plugins/com.st.stm32cube.ide.mcu.externaltools.gnu-tools-for-stm32.7-2018-q2-update.win32_1.5.0.202011040924/tools/bin/../lib/gcc/arm-none-eabi/7.3.1/../../../../arm-none-eabi/lib/thumb/v7e-m/fpv5/hard\libc_nano.a(lib_a-fflush.o)
 .ARM.attributes
                0x0000000000000a46       0x32 c:/st/stm32cubeide_1.5.0/stm32cubeide/plugins/com.st.stm32cube.ide.mcu.externaltools.gnu-tools-for-stm32.7-2018-q2-update.win32_1.5.0.202011040924/tools/bin/../lib/gcc/arm-none-eabi/7.3.1/../../../../arm-none-eabi/lib/thumb/v7e-m/fpv5/hard\libc_nano.a(lib_a-locale.o)
 .ARM.attributes
                0x0000000000000a78       0x32 c:/st/stm32cubeide_1.5.0/stm32cubeide/plugins/com.st.stm32cube.ide.mcu.externaltools.gnu-tools-for-stm32.7-2018-q2-update.win32_1.5.0.202011040924/tools/bin/../lib/gcc/arm-none-eabi/7.3.1/../../../../arm-none-eabi/lib/thumb/v7e-m/fpv5/hard\libc_nano.a(lib_a-lseekr.o)
 .ARM.attributes
                0x0000000000000aaa       0x32 c:/st/stm32cubeide_1.5.0/stm32cubeide/plugins/com.st.stm32cube.ide.mcu.externaltools.gnu-tools-for-stm32.7-2018-q2-update.win32_1.5.0.202011040924/tools/bin/../lib/gcc/arm-none-eabi/7.3.1/../../../../arm-none-eabi/lib/thumb/v7e-m/fpv5/hard\libc_nano.a(lib_a-makebuf.o)
 .ARM.attributes
                0x0000000000000adc       0x32 c:/st/stm32cubeide_1.5.0/stm32cubeide/plugins/com.st.stm32cube.ide.mcu.externaltools.gnu-tools-for-stm32.7-2018-q2-update.win32_1.5.0.202011040924/tools/bin/../lib/gcc/arm-none-eabi/7.3.1/../../../../arm-none-eabi/lib/thumb/v7e-m/fpv5/hard\libc_nano.a(lib_a-mbtowc_r.o)
 .ARM.attributes
                0x0000000000000b0e       0x32 c:/st/stm32cubeide_1.5.0/stm32cubeide/plugins/com.st.stm32cube.ide.mcu.externaltools.gnu-tools-for-stm32.7-2018-q2-update.win32_1.5.0.202011040924/tools/bin/../lib/gcc/arm-none-eabi/7.3.1/../../../../arm-none-eabi/lib/thumb/v7e-m/fpv5/hard\libc_nano.a(lib_a-mlock.o)
 .ARM.attributes
                0x0000000000000b40       0x32 c:/st/stm32cubeide_1.5.0/stm32cubeide/plugins/com.st.stm32cube.ide.mcu.externaltools.gnu-tools-for-stm32.7-2018-q2-update.win32_1.5.0.202011040924/tools/bin/../lib/gcc/arm-none-eabi/7.3.1/../../../../arm-none-eabi/lib/thumb/v7e-m/fpv5/hard\libc_nano.a(lib_a-readr.o)
 .ARM.attributes
                0x0000000000000b72       0x32 c:/st/stm32cubeide_1.5.0/stm32cubeide/plugins/com.st.stm32cube.ide.mcu.externaltools.gnu-tools-for-stm32.7-2018-q2-update.win32_1.5.0.202011040924/tools/bin/../lib/gcc/arm-none-eabi/7.3.1/../../../../arm-none-eabi/lib/thumb/v7e-m/fpv5/hard\libc_nano.a(lib_a-reent.o)
 .ARM.attributes
                0x0000000000000ba4       0x32 c:/st/stm32cubeide_1.5.0/stm32cubeide/plugins/com.st.stm32cube.ide.mcu.externaltools.gnu-tools-for-stm32.7-2018-q2-update.win32_1.5.0.202011040924/tools/bin/../lib/gcc/arm-none-eabi/7.3.1/../../../../arm-none-eabi/lib/thumb/v7e-m/fpv5/hard\libc_nano.a(lib_a-wctomb_r.o)
 .ARM.attributes
                0x0000000000000bd6       0x32 c:/st/stm32cubeide_1.5.0/stm32cubeide/plugins/com.st.stm32cube.ide.mcu.externaltools.gnu-tools-for-stm32.7-2018-q2-update.win32_1.5.0.202011040924/tools/bin/../lib/gcc/arm-none-eabi/7.3.1/../../../../arm-none-eabi/lib/thumb/v7e-m/fpv5/hard\libc_nano.a(lib_a-ctype_.o)
 .ARM.attributes
                0x0000000000000c08       0x32 c:/st/stm32cubeide_1.5.0/stm32cubeide/plugins/com.st.stm32cube.ide.mcu.externaltools.gnu-tools-for-stm32.7-2018-q2-update.win32_1.5.0.202011040924/tools/bin/../lib/gcc/arm-none-eabi/7.3.1/../../../../arm-none-eabi/lib/thumb/v7e-m/fpv5/hard\libc_nano.a(lib_a-fstatr.o)
 .ARM.attributes
                0x0000000000000c3a       0x32 c:/st/stm32cubeide_1.5.0/stm32cubeide/plugins/com.st.stm32cube.ide.mcu.externaltools.gnu-tools-for-stm32.7-2018-q2-update.win32_1.5.0.202011040924/tools/bin/../lib/gcc/arm-none-eabi/7.3.1/../../../../arm-none-eabi/lib/thumb/v7e-m/fpv5/hard\libc_nano.a(lib_a-isattyr.o)
 .ARM.attributes
                0x0000000000000c6c       0x20 c:/st/stm32cubeide_1.5.0/stm32cubeide/plugins/com.st.stm32cube.ide.mcu.externaltools.gnu-tools-for-stm32.7-2018-q2-update.win32_1.5.0.202011040924/tools/bin/../lib/gcc/arm-none-eabi/7.3.1/thumb/v7e-m/fpv5/hard\libgcc.a(_aeabi_uldivmod.o)
 .ARM.attributes
                0x0000000000000c8c       0x32 c:/st/stm32cubeide_1.5.0/stm32cubeide/plugins/com.st.stm32cube.ide.mcu.externaltools.gnu-tools-for-stm32.7-2018-q2-update.win32_1.5.0.202011040924/tools/bin/../lib/gcc/arm-none-eabi/7.3.1/thumb/v7e-m/fpv5/hard\libgcc.a(_udivmoddi4.o)
 .ARM.attributes
                0x0000000000000cbe       0x20 c:/st/stm32cubeide_1.5.0/stm32cubeide/plugins/com.st.stm32cube.ide.mcu.externaltools.gnu-tools-for-stm32.7-2018-q2-update.win32_1.5.0.202011040924/tools/bin/../lib/gcc/arm-none-eabi/7.3.1/thumb/v7e-m/fpv5/hard\libgcc.a(_dvmd_tls.o)
 .ARM.attributes
                0x0000000000000cde       0x20 c:/st/stm32cubeide_1.5.0/stm32cubeide/plugins/com.st.stm32cube.ide.mcu.externaltools.gnu-tools-for-stm32.7-2018-q2-update.win32_1.5.0.202011040924/tools/bin/../lib/gcc/arm-none-eabi/7.3.1/thumb/v7e-m/fpv5/hard/crtn.o
OUTPUT(nucleo_test.elf elf32-littlearm)

.debug_info     0x0000000000000000    0x1430c
 .debug_info    0x0000000000000000      0xa37 Core/Src/i2c.o
 .debug_info    0x0000000000000a37     0x1e14 Core/Src/main.o
 .debug_info    0x000000000000284b     0x134e Core/Src/mpu6050.o
 .debug_info    0x0000000000003b99     0x169c Core/Src/stm32f7xx_hal_msp.o
 .debug_info    0x0000000000005235      0x20a Core/Src/stm32f7xx_it.o
 .debug_info    0x000000000000543f      0xebd Core/Src/syscalls.o
 .debug_info    0x00000000000062fc      0x985 Core/Src/sysmem.o
 .debug_info    0x0000000000006c81      0x73d Core/Src/system_stm32f7xx.o
 .debug_info    0x00000000000073be       0x22 Core/Startup/startup_stm32f767zitx.o
 .debug_info    0x00000000000073e0      0xa46 Drivers/STM32F7xx_HAL_Driver/Src/stm32f7xx_hal.o
 .debug_info    0x0000000000007e26     0x108c Drivers/STM32F7xx_HAL_Driver/Src/stm32f7xx_hal_cortex.o
 .debug_info    0x0000000000008eb2     0x14a9 Drivers/STM32F7xx_HAL_Driver/Src/stm32f7xx_hal_eth.o
 .debug_info    0x000000000000a35b      0x7e9 Drivers/STM32F7xx_HAL_Driver/Src/stm32f7xx_hal_gpio.o
 .debug_info    0x000000000000ab44     0x1fb9 Drivers/STM32F7xx_HAL_Driver/Src/stm32f7xx_hal_i2c.o
 .debug_info    0x000000000000cafd      0x9fb Drivers/STM32F7xx_HAL_Driver/Src/stm32f7xx_hal_i2c_ex.o
 .debug_info    0x000000000000d4f8     0x1147 Drivers/STM32F7xx_HAL_Driver/Src/stm32f7xx_hal_pcd.o
 .debug_info    0x000000000000e63f      0x810 Drivers/STM32F7xx_HAL_Driver/Src/stm32f7xx_hal_pcd_ex.o
 .debug_info    0x000000000000ee4f      0x9b4 Drivers/STM32F7xx_HAL_Driver/Src/stm32f7xx_hal_pwr.o
 .debug_info    0x000000000000f803      0x96b Drivers/STM32F7xx_HAL_Driver/Src/stm32f7xx_hal_pwr_ex.o
 .debug_info    0x000000000001016e      0x996 Drivers/STM32F7xx_HAL_Driver/Src/stm32f7xx_hal_rcc.o
 .debug_info    0x0000000000010b04      0x7d1 Drivers/STM32F7xx_HAL_Driver/Src/stm32f7xx_hal_rcc_ex.o
 .debug_info    0x00000000000112d5     0x16f7 Drivers/STM32F7xx_HAL_Driver/Src/stm32f7xx_hal_uart.o
 .debug_info    0x00000000000129cc     0x1940 Drivers/STM32F7xx_HAL_Driver/Src/stm32f7xx_ll_usb.o

.debug_abbrev   0x0000000000000000     0x2b61
 .debug_abbrev  0x0000000000000000      0x1a4 Core/Src/i2c.o
 .debug_abbrev  0x00000000000001a4      0x2bd Core/Src/main.o
 .debug_abbrev  0x0000000000000461      0x243 Core/Src/mpu6050.o
 .debug_abbrev  0x00000000000006a4      0x216 Core/Src/stm32f7xx_hal_msp.o
 .debug_abbrev  0x00000000000008ba       0xc6 Core/Src/stm32f7xx_it.o
 .debug_abbrev  0x0000000000000980      0x261 Core/Src/syscalls.o
 .debug_abbrev  0x0000000000000be1      0x19b Core/Src/sysmem.o
 .debug_abbrev  0x0000000000000d7c      0x147 Core/Src/system_stm32f7xx.o
 .debug_abbrev  0x0000000000000ec3       0x12 Core/Startup/startup_stm32f767zitx.o
 .debug_abbrev  0x0000000000000ed5      0x1c7 Drivers/STM32F7xx_HAL_Driver/Src/stm32f7xx_hal.o
 .debug_abbrev  0x000000000000109c      0x2fa Drivers/STM32F7xx_HAL_Driver/Src/stm32f7xx_hal_cortex.o
 .debug_abbrev  0x0000000000001396      0x23e Drivers/STM32F7xx_HAL_Driver/Src/stm32f7xx_hal_eth.o
 .debug_abbrev  0x00000000000015d4      0x1c9 Drivers/STM32F7xx_HAL_Driver/Src/stm32f7xx_hal_gpio.o
 .debug_abbrev  0x000000000000179d      0x22a Drivers/STM32F7xx_HAL_Driver/Src/stm32f7xx_hal_i2c.o
 .debug_abbrev  0x00000000000019c7      0x19b Drivers/STM32F7xx_HAL_Driver/Src/stm32f7xx_hal_i2c_ex.o
 .debug_abbrev  0x0000000000001b62      0x266 Drivers/STM32F7xx_HAL_Driver/Src/stm32f7xx_hal_pcd.o
 .debug_abbrev  0x0000000000001dc8      0x1c0 Drivers/STM32F7xx_HAL_Driver/Src/stm32f7xx_hal_pcd_ex.o
 .debug_abbrev  0x0000000000001f88      0x1b6 Drivers/STM32F7xx_HAL_Driver/Src/stm32f7xx_hal_pwr.o
 .debug_abbrev  0x000000000000213e      0x1b8 Drivers/STM32F7xx_HAL_Driver/Src/stm32f7xx_hal_pwr_ex.o
 .debug_abbrev  0x00000000000022f6      0x268 Drivers/STM32F7xx_HAL_Driver/Src/stm32f7xx_hal_rcc.o
 .debug_abbrev  0x000000000000255e      0x1ad Drivers/STM32F7xx_HAL_Driver/Src/stm32f7xx_hal_rcc_ex.o
 .debug_abbrev  0x000000000000270b      0x205 Drivers/STM32F7xx_HAL_Driver/Src/stm32f7xx_hal_uart.o
 .debug_abbrev  0x0000000000002910      0x251 Drivers/STM32F7xx_HAL_Driver/Src/stm32f7xx_ll_usb.o

.debug_aranges  0x0000000000000000     0x1008
 .debug_aranges
                0x0000000000000000       0x30 Core/Src/i2c.o
 .debug_aranges
                0x0000000000000030       0x58 Core/Src/main.o
 .debug_aranges
                0x0000000000000088       0x48 Core/Src/mpu6050.o
 .debug_aranges
                0x00000000000000d0       0x50 Core/Src/stm32f7xx_hal_msp.o
 .debug_aranges
                0x0000000000000120       0x60 Core/Src/stm32f7xx_it.o
 .debug_aranges
                0x0000000000000180       0xa8 Core/Src/syscalls.o
 .debug_aranges
                0x0000000000000228       0x20 Core/Src/sysmem.o
 .debug_aranges
                0x0000000000000248       0x28 Core/Src/system_stm32f7xx.o
 .debug_aranges
                0x0000000000000270       0x28 Core/Startup/startup_stm32f767zitx.o
 .debug_aranges
                0x0000000000000298      0x110 Drivers/STM32F7xx_HAL_Driver/Src/stm32f7xx_hal.o
 .debug_aranges
                0x00000000000003a8      0x118 Drivers/STM32F7xx_HAL_Driver/Src/stm32f7xx_hal_cortex.o
 .debug_aranges
                0x00000000000004c0      0x110 Drivers/STM32F7xx_HAL_Driver/Src/stm32f7xx_hal_eth.o
 .debug_aranges
                0x00000000000005d0       0x58 Drivers/STM32F7xx_HAL_Driver/Src/stm32f7xx_hal_gpio.o
 .debug_aranges
                0x0000000000000628      0x288 Drivers/STM32F7xx_HAL_Driver/Src/stm32f7xx_hal_i2c.o
 .debug_aranges
                0x00000000000008b0       0x38 Drivers/STM32F7xx_HAL_Driver/Src/stm32f7xx_hal_i2c_ex.o
 .debug_aranges
                0x00000000000008e8      0x130 Drivers/STM32F7xx_HAL_Driver/Src/stm32f7xx_hal_pcd.o
 .debug_aranges
                0x0000000000000a18       0x48 Drivers/STM32F7xx_HAL_Driver/Src/stm32f7xx_hal_pcd_ex.o
 .debug_aranges
                0x0000000000000a60       0xa0 Drivers/STM32F7xx_HAL_Driver/Src/stm32f7xx_hal_pwr.o
 .debug_aranges
                0x0000000000000b00       0x80 Drivers/STM32F7xx_HAL_Driver/Src/stm32f7xx_hal_pwr_ex.o
 .debug_aranges
                0x0000000000000b80       0x88 Drivers/STM32F7xx_HAL_Driver/Src/stm32f7xx_hal_rcc.o
 .debug_aranges
                0x0000000000000c08       0x50 Drivers/STM32F7xx_HAL_Driver/Src/stm32f7xx_hal_rcc_ex.o
 .debug_aranges
                0x0000000000000c58      0x218 Drivers/STM32F7xx_HAL_Driver/Src/stm32f7xx_hal_uart.o
 .debug_aranges